Archive member included to satisfy reference by file (symbol)

C:/Users/DELL/STM32CubeIDE_1.11.2/STM32CubeIDE/plugins/com.st.stm32cube.ide.mcu.externaltools.gnu-tools-for-stm32.11.3.rel1.win32_1.1.1.202309131626/tools/bin/../lib/gcc/arm-none-eabi/11.3.1/../../../../arm-none-eabi/lib/thumb/v7e-m+fp/hard\libc_nano.a(libc_a-exit.o)
                              C:/Users/DELL/STM32CubeIDE_1.11.2/STM32CubeIDE/plugins/com.st.stm32cube.ide.mcu.externaltools.gnu-tools-for-stm32.11.3.rel1.win32_1.1.1.202309131626/tools/bin/../lib/gcc/arm-none-eabi/11.3.1/../../../../arm-none-eabi/lib/thumb/v7e-m+fp/hard/crt0.o (exit)
C:/Users/DELL/STM32CubeIDE_1.11.2/STM32CubeIDE/plugins/com.st.stm32cube.ide.mcu.externaltools.gnu-tools-for-stm32.11.3.rel1.win32_1.1.1.202309131626/tools/bin/../lib/gcc/arm-none-eabi/11.3.1/../../../../arm-none-eabi/lib/thumb/v7e-m+fp/hard\libc_nano.a(libc_a-itoa.o)
                              ./Core/Src/main.o (itoa)
C:/Users/DELL/STM32CubeIDE_1.11.2/STM32CubeIDE/plugins/com.st.stm32cube.ide.mcu.externaltools.gnu-tools-for-stm32.11.3.rel1.win32_1.1.1.202309131626/tools/bin/../lib/gcc/arm-none-eabi/11.3.1/../../../../arm-none-eabi/lib/thumb/v7e-m+fp/hard\libc_nano.a(libc_a-utoa.o)
                              C:/Users/DELL/STM32CubeIDE_1.11.2/STM32CubeIDE/plugins/com.st.stm32cube.ide.mcu.externaltools.gnu-tools-for-stm32.11.3.rel1.win32_1.1.1.202309131626/tools/bin/../lib/gcc/arm-none-eabi/11.3.1/../../../../arm-none-eabi/lib/thumb/v7e-m+fp/hard\libc_nano.a(libc_a-itoa.o) (__utoa)
C:/Users/DELL/STM32CubeIDE_1.11.2/STM32CubeIDE/plugins/com.st.stm32cube.ide.mcu.externaltools.gnu-tools-for-stm32.11.3.rel1.win32_1.1.1.202309131626/tools/bin/../lib/gcc/arm-none-eabi/11.3.1/../../../../arm-none-eabi/lib/thumb/v7e-m+fp/hard\libc_nano.a(libc_a-findfp.o)
                              C:/Users/DELL/STM32CubeIDE_1.11.2/STM32CubeIDE/plugins/com.st.stm32cube.ide.mcu.externaltools.gnu-tools-for-stm32.11.3.rel1.win32_1.1.1.202309131626/tools/bin/../lib/gcc/arm-none-eabi/11.3.1/../../../../arm-none-eabi/lib/thumb/v7e-m+fp/hard\libc_nano.a(libc_a-exit.o) (__stdio_exit_handler)
C:/Users/DELL/STM32CubeIDE_1.11.2/STM32CubeIDE/plugins/com.st.stm32cube.ide.mcu.externaltools.gnu-tools-for-stm32.11.3.rel1.win32_1.1.1.202309131626/tools/bin/../lib/gcc/arm-none-eabi/11.3.1/../../../../arm-none-eabi/lib/thumb/v7e-m+fp/hard\libc_nano.a(libc_a-fwalk.o)
                              C:/Users/DELL/STM32CubeIDE_1.11.2/STM32CubeIDE/plugins/com.st.stm32cube.ide.mcu.externaltools.gnu-tools-for-stm32.11.3.rel1.win32_1.1.1.202309131626/tools/bin/../lib/gcc/arm-none-eabi/11.3.1/../../../../arm-none-eabi/lib/thumb/v7e-m+fp/hard\libc_nano.a(libc_a-findfp.o) (_fwalk_sglue)
C:/Users/DELL/STM32CubeIDE_1.11.2/STM32CubeIDE/plugins/com.st.stm32cube.ide.mcu.externaltools.gnu-tools-for-stm32.11.3.rel1.win32_1.1.1.202309131626/tools/bin/../lib/gcc/arm-none-eabi/11.3.1/../../../../arm-none-eabi/lib/thumb/v7e-m+fp/hard\libc_nano.a(libc_a-snprintf.o)
                              ./Core/Src/main.o (snprintf)
C:/Users/DELL/STM32CubeIDE_1.11.2/STM32CubeIDE/plugins/com.st.stm32cube.ide.mcu.externaltools.gnu-tools-for-stm32.11.3.rel1.win32_1.1.1.202309131626/tools/bin/../lib/gcc/arm-none-eabi/11.3.1/../../../../arm-none-eabi/lib/thumb/v7e-m+fp/hard\libc_nano.a(libc_a-stdio.o)
                              C:/Users/DELL/STM32CubeIDE_1.11.2/STM32CubeIDE/plugins/com.st.stm32cube.ide.mcu.externaltools.gnu-tools-for-stm32.11.3.rel1.win32_1.1.1.202309131626/tools/bin/../lib/gcc/arm-none-eabi/11.3.1/../../../../arm-none-eabi/lib/thumb/v7e-m+fp/hard\libc_nano.a(libc_a-findfp.o) (__sread)
C:/Users/DELL/STM32CubeIDE_1.11.2/STM32CubeIDE/plugins/com.st.stm32cube.ide.mcu.externaltools.gnu-tools-for-stm32.11.3.rel1.win32_1.1.1.202309131626/tools/bin/../lib/gcc/arm-none-eabi/11.3.1/../../../../arm-none-eabi/lib/thumb/v7e-m+fp/hard\libc_nano.a(libc_a-memcmp.o)
                              ./Common/ThirdParty/FreeRTOS/tasks.o (memcmp)
C:/Users/DELL/STM32CubeIDE_1.11.2/STM32CubeIDE/plugins/com.st.stm32cube.ide.mcu.externaltools.gnu-tools-for-stm32.11.3.rel1.win32_1.1.1.202309131626/tools/bin/../lib/gcc/arm-none-eabi/11.3.1/../../../../arm-none-eabi/lib/thumb/v7e-m+fp/hard\libc_nano.a(libc_a-memset.o)
                              C:/Users/DELL/STM32CubeIDE_1.11.2/STM32CubeIDE/plugins/com.st.stm32cube.ide.mcu.externaltools.gnu-tools-for-stm32.11.3.rel1.win32_1.1.1.202309131626/tools/bin/../lib/gcc/arm-none-eabi/11.3.1/../../../../arm-none-eabi/lib/thumb/v7e-m+fp/hard/crt0.o (memset)
C:/Users/DELL/STM32CubeIDE_1.11.2/STM32CubeIDE/plugins/com.st.stm32cube.ide.mcu.externaltools.gnu-tools-for-stm32.11.3.rel1.win32_1.1.1.202309131626/tools/bin/../lib/gcc/arm-none-eabi/11.3.1/../../../../arm-none-eabi/lib/thumb/v7e-m+fp/hard\libc_nano.a(libc_a-closer.o)
[...]
Memory Configuration

Name             Origin             Length             Attributes
RAM              0x0000000020000000 0x0000000000020000 xrw
FLASH            0x0000000008000000 0x0000000000080000 xr
*default*        0x0000000000000000 0xffffffffffffffff

Linker script and memory map

LOAD C:/Users/DELL/STM32CubeIDE_1.11.2/STM32CubeIDE/plugins/com.st.stm32cube.ide.mcu.externaltools.gnu-tools-for-stm32.11.3.rel1.win32_1.1.1.202309131626/tools/bin/../lib/gcc/arm-none-eabi/11.3.1/thumb/v7e-m+fp/hard/crti.o
LOAD C:/Users/DELL/STM32CubeIDE_1.11.2/STM32CubeIDE/plugins/com.st.stm32cube.ide.mcu.externaltools.gnu-tools-for-stm32.11.3.rel1.win32_1.1.1.202309131626/tools/bin/../lib/gcc/arm-none-eabi/11.3.1/thumb/v7e-m+fp/hard/crtbegin.o
LOAD C:/Users/DELL/STM32CubeIDE_1.11.2/STM32CubeIDE/plugins/com.st.stm32cube.ide.mcu.externaltools.gnu-tools-for-stm32.11.3.rel1.win32_1.1.1.202309131626/tools/bin/../lib/gcc/arm-none-eabi/11.3.1/../../../../arm-none-eabi/lib/thumb/v7e-m+fp/hard/crt0.o
LOAD ./Common/ThirdParty/FreeRTOS/croutine.o
LOAD ./Common/ThirdParty/FreeRTOS/event_groups.o
LOAD ./Common/ThirdParty/FreeRTOS/list.o
LOAD ./Common/ThirdParty/FreeRTOS/queue.o
LOAD ./Common/ThirdParty/FreeRTOS/stream_buffer.o
LOAD ./Common/ThirdParty/FreeRTOS/tasks.o
LOAD ./Common/ThirdParty/FreeRTOS/timers.o
LOAD ./Common/ThirdParty/FreeRTOS/portable/GCC/ARM_CM4F/port.o
LOAD ./Common/ThirdParty/FreeRTOS/portable/MemMang/heap_4.o
LOAD ./Common/ThirdParty/SEGGER/Config/SEGGER_SYSVIEW_Config_FreeRTOS.o
LOAD ./Common/ThirdParty/SEGGER/OS/SEGGER_SYSVIEW_FreeRTOS.o
LOAD ./Common/ThirdParty/SEGGER/Rec/segger_uart.o
LOAD ./Common/ThirdParty/SEGGER/SEGGER/SEGGER_RTT.o
LOAD ./Common/ThirdParty/SEGGER/SEGGER/SEGGER_RTT_ASM_ARMv7M.o
LOAD ./Common/ThirdParty/SEGGER/SEGGER/SEGGER_RTT_printf.o
LOAD ./Common/ThirdParty/SEGGER/SEGGER/SEGGER_SYSVIEW.o
LOAD ./Common/ThirdParty/SEGGER/SEGGER/Syscalls/SEGGER_RTT_Syscalls_GCC.o
LOAD ./Core/Src/KEYPAD_Program.o
LOAD ./Core/Src/LCD1602.o
LOAD ./Core/Src/main.o
LOAD ./Core/Src/stm32f4xx_hal_msp.o
LOAD ./Core/Src/stm32f4xx_hal_timebase_tim.o
LOAD ./Core/Src/stm32f4xx_it.o
LOAD ./Core/Src/syscalls.o
LOAD ./Core/Src/system_stm32f4xx.o
LOAD ./Core/Startup/startup_stm32f446retx.o
LOAD ./Drivers/STM32F4xx_HAL_Driver/Src/stm32f4xx_hal.o
LOAD ./Drivers/STM32F4xx_HAL_Driver/Src/stm32f4xx_hal_cortex.o
LOAD ./Drivers/STM32F4xx_HAL_Driver/Src/stm32f4xx_hal_dma.o
LOAD ./Drivers/STM32F4xx_HAL_Driver/Src/stm32f4xx_hal_dma_ex.o
LOAD ./Drivers/STM32F4xx_HAL_Driver/Src/stm32f4xx_hal_exti.o
LOAD ./Drivers/STM32F4xx_HAL_Driver/Src/stm32f4xx_hal_flash.o
LOAD ./Drivers/STM32F4xx_HAL_Driver/Src/stm32f4xx_hal_flash_ex.o
LOAD ./Drivers/STM32F4xx_HAL_Driver/Src/stm32f4xx_hal_flash_ramfunc.o
LOAD ./Drivers/STM32F4xx_HAL_Driver/Src/stm32f4xx_hal_gpio.o
LOAD ./Drivers/STM32F4xx_HAL_Driver/Src/stm32f4xx_hal_pwr.o
LOAD ./Drivers/STM32F4xx_HAL_Driver/Src/stm32f4xx_hal_pwr_ex.o
LOAD ./Drivers/STM32F4xx_HAL_Driver/Src/stm32f4xx_hal_rcc.o
LOAD ./Drivers/STM32F4xx_HAL_Driver/Src/stm32f4xx_hal_rcc_ex.o
LOAD ./Drivers/STM32F4xx_HAL_Driver/Src/stm32f4xx_hal_tim.o
LOAD ./Drivers/STM32F4xx_HAL_Driver/Src/stm32f4xx_hal_tim_ex.o
START GROUP
LOAD C:/Users/DELL/STM32CubeIDE_1.11.2/STM32CubeIDE/plugins/com.st.stm32cube.ide.mcu.externaltools.gnu-tools-for-stm32.11.3.rel1.win32_1.1.1.202309131626/tools/bin/../lib/gcc/arm-none-eabi/11.3.1/../../../../arm-none-eabi/lib/thumb/v7e-m+fp/hard\libc_nano.a
LOAD C:/Users/DELL/STM32CubeIDE_1.11.2/STM32CubeIDE/plugins/com.st.stm32cube.ide.mcu.externaltools.gnu-tools-for-stm32.11.3.rel1.win32_1.1.1.202309131626/tools/bin/../lib/gcc/arm-none-eabi/11.3.1/../../../../arm-none-eabi/lib/thumb/v7e-m+fp/hard\libm.a
END GROUP
START GROUP
LOAD C:/Users/DELL/STM32CubeIDE_1.11.2/STM32CubeIDE/plugins/com.st.stm32cube.ide.mcu.externaltools.gnu-tools-for-stm32.11.3.rel1.win32_1.1.1.202309131626/tools/bin/../lib/gcc/arm-none-eabi/11.3.1/thumb/v7e-m+fp/hard\libgcc.a
LOAD C:/Users/DELL/STM32CubeIDE_1.11.2/STM32CubeIDE/plugins/com.st.stm32cube.ide.mcu.externaltools.gnu-tools-for-stm32.11.3.rel1.win32_1.1.1.202309131626/tools/bin/../lib/gcc/arm-none-eabi/11.3.1/../../../../arm-none-eabi/lib/thumb/v7e-m+fp/hard\libc_nano.a
END GROUP
START GROUP
LOAD C:/Users/DELL/STM32CubeIDE_1.11.2/STM32CubeIDE/plugins/com.st.stm32cube.ide.mcu.externaltools.gnu-tools-for-stm32.11.3.rel1.win32_1.1.1.202309131626/tools/bin/../lib/gcc/arm-none-eabi/11.3.1/thumb/v7e-m+fp/hard\libgcc.a
LOAD C:/Users/DELL/STM32CubeIDE_1.11.2/STM32CubeIDE/plugins/com.st.stm32cube.ide.mcu.externaltools.gnu-tools-for-stm32.11.3.rel1.win32_1.1.1.202309131626/tools/bin/../lib/gcc/arm-none-eabi/11.3.1/../../../../arm-none-eabi/lib/thumb/v7e-m+fp/hard\libc_nano.a
LOAD C:/Users/DELL/STM32CubeIDE_1.11.2/STM32CubeIDE/plugins/com.st.stm32cube.ide.mcu.externaltools.gnu-tools-for-stm32.11.3.rel1.win32_1.1.1.202309131626/tools/bin/../lib/gcc/arm-none-eabi/11.3.1/../../../../arm-none-eabi/lib/thumb/v7e-m+fp/hard\libnosys.a
END GROUP
START GROUP
LOAD C:/Users/DELL/STM32CubeIDE_1.11.2/STM32CubeIDE/plugins/com.st.stm32cube.ide.mcu.externaltools.gnu-tools-for-stm32.11.3.rel1.win32_1.1.1.202309131626/tools/bin/../lib/gcc/arm-none-eabi/11.3.1/thumb/v7e-m+fp/hard\libgcc.a
LOAD C:/Users/DELL/STM32CubeIDE_1.11.2/STM32CubeIDE/plugins/com.st.stm32cube.ide.mcu.externaltools.gnu-tools-for-stm32.11.3.rel1.win32_1.1.1.202309131626/tools/bin/../lib/gcc/arm-none-eabi/11.3.1/../../../../arm-none-eabi/lib/thumb/v7e-m+fp/hard\libc_nano.a
LOAD C:/Users/DELL/STM32CubeIDE_1.11.2/STM32CubeIDE/plugins/com.st.stm32cube.ide.mcu.externaltools.gnu-tools-for-stm32.11.3.rel1.win32_1.1.1.202309131626/tools/bin/../lib/gcc/arm-none-eabi/11.3.1/../../../../arm-none-eabi/lib/thumb/v7e-m+fp/hard\libnosys.a
END GROUP
LOAD C:/Users/DELL/STM32CubeIDE_1.11.2/STM32CubeIDE/plugins/com.st.stm32cube.ide.mcu.externaltools.gnu-tools-for-stm32.11.3.rel1.win32_1.1.1.202309131626/tools/bin/../lib/gcc/arm-none-eabi/11.3.1/thumb/v7e-m+fp/hard/crtend.o
LOAD C:/Users/DELL/STM32CubeIDE_1.11.2/STM32CubeIDE/plugins/com.st.stm32cube.ide.mcu.externaltools.gnu-tools-for-stm32.11.3.rel1.win32_1.1.1.202309131626/tools/bin/../lib/gcc/arm-none-eabi/11.3.1/thumb/v7e-m+fp/hard/crtn.o
                0x0000000020020000                _estack = (ORIGIN (RAM) + LENGTH (RAM))
                0x0000000000000200                _Min_Heap_Size = 0x200
                0x0000000000000400                _Min_Stack_Size = 0x400

.isr_vector     0x0000000008000000      0x1c4
                0x0000000008000000                . = ALIGN (0x4)
 *(.isr_vector)
 .isr_vector    0x0000000008000000      0x1c4 ./Core/Startup/startup_stm32f446retx.o
                0x0000000008000000                g_pfnVectors
                0x00000000080001c4                . = ALIGN (0x4)

.text           0x00000000080001d0     0x8ba0
                0x00000000080001d0                . = ALIGN (0x4)
 *(.text)
 .text          0x00000000080001d0       0x40 C:/Users/DELL/STM32CubeIDE_1.11.2/STM32CubeIDE/plugins/com.st.stm32cube.ide.mcu.externaltools.gnu-tools-for-stm32.11.3.rel1.win32_1.1.1.202309131626/tools/bin/../lib/gcc/arm-none-eabi/11.3.1/thumb/v7e-m+fp/hard/crtbegin.o
 .text          0x0000000008000210       0x94 ./Common/ThirdParty/SEGGER/SEGGER/SEGGER_RTT_ASM_ARMv7M.o
                0x0000000008000210                SEGGER_RTT_ASM_WriteSkipNoLock
 *fill*         0x00000000080002a4        0xc 
 .text          0x00000000080002b0       0xa0 C:/Users/DELL/STM32CubeIDE_1.11.2/STM32CubeIDE/plugins/com.st.stm32cube.ide.mcu.externaltools.gnu-tools-for-stm32.11.3.rel1.win32_1.1.1.202309131626/tools/bin/../lib/gcc/arm-none-eabi/11.3.1/../../../../arm-none-eabi/lib/thumb/v7e-m+fp/hard\libc_nano.a(libc_a-memchr.o)
                0x00000000080002b0                memchr
 .text          0x0000000008000350       0x30 C:/Users/DELL/STM32CubeIDE_1.11.2/STM32CubeIDE/plugins/com.st.stm32cube.ide.mcu.externaltools.gnu-tools-for-stm32.11.3.rel1.win32_1.1.1.202309131626/tools/bin/../lib/gcc/arm-none-eabi/11.3.1/thumb/v7e-m+fp/hard\libgcc.a(_aeabi_uldivmod.o)
                0x0000000008000350                __aeabi_uldivmod
 .text          0x0000000008000380      0x2c8 C:/Users/DELL/STM32CubeIDE_1.11.2/STM32CubeIDE/plugins/com.st.stm32cube.ide.mcu.externaltools.gnu-tools-for-stm32.11.3.rel1.win32_1.1.1.202309131626/tools/bin/../lib/gcc/arm-none-eabi/11.3.1/thumb/v7e-m+fp/hard\libgcc.a(_udivmoddi4.o)
                0x0000000008000380                __udivmoddi4
 .text          0x0000000008000648        0x4 C:/Users/DELL/STM32CubeIDE_1.11.2/STM32CubeIDE/plugins/com.st.stm32cube.ide.mcu.externaltools.gnu-tools-for-stm32.11.3.rel1.win32_1.1.1.202309131626/tools/bin/../lib/gcc/arm-none-eabi/11.3.1/thumb/v7e-m+fp/hard\libgcc.a(_dvmd_tls.o)
                0x0000000008000648                __aeabi_idiv0
                0x0000000008000648                __aeabi_ldiv0
 *(.text*)
 .text.vListInitialise
                0x000000000800064c       0x40 ./Common/ThirdParty/FreeRTOS/list.o
                0x000000000800064c                vListInitialise
 .text.vListInitialiseItem
                0x000000000800068c       0x1a ./Common/ThirdParty/FreeRTOS/list.o
                0x000000000800068c                vListInitialiseItem
 .text.vListInsertEnd
                0x00000000080006a6       0x48 ./Common/ThirdParty/FreeRTOS/list.o
                0x00000000080006a6                vListInsertEnd
 .text.vListInsert
                0x00000000080006ee       0x72 ./Common/ThirdParty/FreeRTOS/list.o
                0x00000000080006ee                vListInsert
 .text.uxListRemove
                0x0000000008000760       0x54 ./Common/ThirdParty/FreeRTOS/list.o
                0x0000000008000760                uxListRemove
 .text.xQueueGenericReset
                0x00000000080007b4      0x120 ./Common/ThirdParty/FreeRTOS/queue.o
                0x00000000080007b4                xQueueGenericReset
 .text.xQueueGenericCreate
                0x00000000080008d4       0x9c ./Common/ThirdParty/FreeRTOS/queue.o
                0x00000000080008d4                xQueueGenericCreate
 .text.prvInitialiseNewQueue
                0x0000000008000970       0x52 ./Common/ThirdParty/FreeRTOS/queue.o
 *fill*         0x00000000080009c2        0x2 
 .text.xQueueGenericSend
                0x00000000080009c4      0x24c ./Common/ThirdParty/FreeRTOS/queue.o
                0x00000000080009c4                xQueueGenericSend
 .text.xQueueReceive
                0x0000000008000c10      0x220 ./Common/ThirdParty/FreeRTOS/queue.o
                0x0000000008000c10                xQueueReceive
 .text.uxQueueMessagesWaiting
                0x0000000008000e30       0x3c ./Common/ThirdParty/FreeRTOS/queue.o
                0x0000000008000e30                uxQueueMessagesWaiting
 .text.prvCopyDataToQueue
                0x0000000008000e6c       0xd4 ./Common/ThirdParty/FreeRTOS/queue.o
 .text.prvCopyDataFromQueue
                0x0000000008000f40       0x4c ./Common/ThirdParty/FreeRTOS/queue.o
 .text.prvUnlockQueue
                0x0000000008000f8c       0xa4 ./Common/ThirdParty/FreeRTOS/queue.o
 .text.prvIsQueueEmpty
                0x0000000008001030       0x2c ./Common/ThirdParty/FreeRTOS/queue.o
 .text.prvIsQueueFull
                0x000000000800105c       0x30 ./Common/ThirdParty/FreeRTOS/queue.o
 .text.vQueueAddToRegistry
                0x000000000800108c       0xac ./Common/ThirdParty/FreeRTOS/queue.o
                0x000000000800108c                vQueueAddToRegistry
 .text.vQueueWaitForMessageRestricted
                0x0000000008001138       0x68 ./Common/ThirdParty/FreeRTOS/queue.o
                0x0000000008001138                vQueueWaitForMessageRestricted
 .text.xTaskCreate
                0x00000000080011a0       0x8c ./Common/ThirdParty/FreeRTOS/tasks.o
                0x00000000080011a0                xTaskCreate
 .text.prvInitialiseNewTask
                0x000000000800122c      0x11c ./Common/ThirdParty/FreeRTOS/tasks.o
 .text.prvAddNewTaskToReadyList
                0x0000000008001348      0x168 ./Common/ThirdParty/FreeRTOS/tasks.o
 .text.xTaskDelayUntil
                0x00000000080014b0      0x104 ./Common/ThirdParty/FreeRTOS/tasks.o
                0x00000000080014b0                xTaskDelayUntil
 .text.vTaskStartScheduler
                0x00000000080015b4       0xcc ./Common/ThirdParty/FreeRTOS/tasks.o
                0x00000000080015b4                vTaskStartScheduler
 .text.vTaskSuspendAll
                0x0000000008001680       0x1c ./Common/ThirdParty/FreeRTOS/tasks.o
                0x0000000008001680                vTaskSuspendAll
 .text.xTaskResumeAll
                0x000000000800169c      0x200 ./Common/ThirdParty/FreeRTOS/tasks.o
                0x000000000800169c                xTaskResumeAll
 .text.xTaskGetTickCount
                0x000000000800189c       0x20 ./Common/ThirdParty/FreeRTOS/tasks.o
                0x000000000800189c                xTaskGetTickCount
 .text.xTaskGetTickCountFromISR
                0x00000000080018bc       0x24 ./Common/ThirdParty/FreeRTOS/tasks.o
                0x00000000080018bc                xTaskGetTickCountFromISR
 .text.xTaskIncrementTick
                0x00000000080018e0      0x234 ./Common/ThirdParty/FreeRTOS/tasks.o
                0x00000000080018e0                xTaskIncrementTick
 .text.vTaskSwitchContext
                0x0000000008001b14       0xdc ./Common/ThirdParty/FreeRTOS/tasks.o
                0x0000000008001b14                vTaskSwitchContext
 .text.vTaskPlaceOnEventList
                0x0000000008001bf0       0x48 ./Common/ThirdParty/FreeRTOS/tasks.o
                0x0000000008001bf0                vTaskPlaceOnEventList
 .text.vTaskPlaceOnEventListRestricted
                0x0000000008001c38       0x90 ./Common/ThirdParty/FreeRTOS/tasks.o
                0x0000000008001c38                vTaskPlaceOnEventListRestricted
 .text.xTaskRemoveFromEventList
                0x0000000008001cc8      0x1b0 ./Common/ThirdParty/FreeRTOS/tasks.o
                0x0000000008001cc8                xTaskRemoveFromEventList
 .text.vTaskInternalSetTimeOutState
                0x0000000008001e78       0x2c ./Common/ThirdParty/FreeRTOS/tasks.o
                0x0000000008001e78                vTaskInternalSetTimeOutState
 .text.xTaskCheckForTimeOut
                0x0000000008001ea4       0xcc ./Common/ThirdParty/FreeRTOS/tasks.o
                0x0000000008001ea4                xTaskCheckForTimeOut
 .text.vTaskMissedYield
                0x0000000008001f70       0x18 ./Common/ThirdParty/FreeRTOS/tasks.o
                0x0000000008001f70                vTaskMissedYield
 .text.prvIdleTask
                0x0000000008001f88       0x30 ./Common/ThirdParty/FreeRTOS/tasks.o
 .text.prvInitialiseTaskLists
                0x0000000008001fb8       0x80 ./Common/ThirdParty/FreeRTOS/tasks.o
 .text.prvCheckTasksWaitingTermination
                0x0000000008002038       0x5c ./Common/ThirdParty/FreeRTOS/tasks.o
 .text.prvDeleteTCB
                0x0000000008002094       0x20 ./Common/ThirdParty/FreeRTOS/tasks.o
 .text.prvResetNextTaskUnblockTime
                0x00000000080020b4       0x38 ./Common/ThirdParty/FreeRTOS/tasks.o
 .text.xTaskGetSchedulerState
                0x00000000080020ec       0x3c ./Common/ThirdParty/FreeRTOS/tasks.o
                0x00000000080020ec                xTaskGetSchedulerState
 .text.xTaskPriorityDisinherit
                0x0000000008002128      0x100 ./Common/ThirdParty/FreeRTOS/tasks.o
                0x0000000008002128                xTaskPriorityDisinherit
 .text.xTaskGenericNotifyWait
                0x0000000008002228      0x110 ./Common/ThirdParty/FreeRTOS/tasks.o
                0x0000000008002228                xTaskGenericNotifyWait
 .text.xTaskGenericNotify
                0x0000000008002338      0x268 ./Common/ThirdParty/FreeRTOS/tasks.o
                0x0000000008002338                xTaskGenericNotify
 .text.prvAddCurrentTaskToDelayedList
                0x00000000080025a0      0x100 ./Common/ThirdParty/FreeRTOS/tasks.o
 .text.xTimerCreateTimerTask
                0x00000000080026a0       0x64 ./Common/ThirdParty/FreeRTOS/timers.o
                0x00000000080026a0                xTimerCreateTimerTask
 .text.prvReloadTimer
                0x0000000008002704       0x42 ./Common/ThirdParty/FreeRTOS/timers.o
 *fill*         0x0000000008002746        0x2 
 .text.prvProcessExpiredTimer
                0x0000000008002748       0x60 ./Common/ThirdParty/FreeRTOS/timers.o
 .text.prvTimerTask
                0x00000000080027a8       0x24 ./Common/ThirdParty/FreeRTOS/timers.o
 .text.prvProcessTimerOrBlockTask
                0x00000000080027cc       0x9c ./Common/ThirdParty/FreeRTOS/timers.o
 .text.prvGetNextExpireTime
                0x0000000008002868       0x48 ./Common/ThirdParty/FreeRTOS/timers.o
 .text.prvSampleTimeNow
                0x00000000080028b0       0x40 ./Common/ThirdParty/FreeRTOS/timers.o
 .text.prvInsertTimerInActiveList
                0x00000000080028f0       0x84 ./Common/ThirdParty/FreeRTOS/timers.o
 .text.prvProcessReceivedCommands
                0x0000000008002974      0x17c ./Common/ThirdParty/FreeRTOS/timers.o
 .text.prvSwitchTimerLists
                0x0000000008002af0       0x4c ./Common/ThirdParty/FreeRTOS/timers.o
 .text.prvCheckForValidListAndQueue
                0x0000000008002b3c       0x6c ./Common/ThirdParty/FreeRTOS/timers.o
 .text.pxPortInitialiseStack
                0x0000000008002ba8       0x68 ./Common/ThirdParty/FreeRTOS/portable/GCC/ARM_CM4F/port.o
                0x0000000008002ba8                pxPortInitialiseStack
 .text.prvTaskExitError
                0x0000000008002c10       0x58 ./Common/ThirdParty/FreeRTOS/portable/GCC/ARM_CM4F/port.o
 *fill*         0x0000000008002c68        0x8 
 .text.SVC_Handler
                0x0000000008002c70       0x28 ./Common/ThirdParty/FreeRTOS/portable/GCC/ARM_CM4F/port.o
                0x0000000008002c70                SVC_Handler
 .text.prvPortStartFirstTask
                0x0000000008002c98       0x2c ./Common/ThirdParty/FreeRTOS/portable/GCC/ARM_CM4F/port.o
 .text.xPortStartScheduler
                0x0000000008002cc4      0x144 ./Common/ThirdParty/FreeRTOS/portable/GCC/ARM_CM4F/port.o
                0x0000000008002cc4                xPortStartScheduler
 .text.vInitPrioGroupValue
                0x0000000008002e08       0xfc ./Common/ThirdParty/FreeRTOS/portable/GCC/ARM_CM4F/port.o
                0x0000000008002e08                vInitPrioGroupValue
 .text.vPortEnterCritical
                0x0000000008002f04       0x60 ./Common/ThirdParty/FreeRTOS/portable/GCC/ARM_CM4F/port.o
                0x0000000008002f04                vPortEnterCritical
 .text.vPortExitCritical
                0x0000000008002f64       0x54 ./Common/ThirdParty/FreeRTOS/portable/GCC/ARM_CM4F/port.o
                0x0000000008002f64                vPortExitCritical
 *fill*         0x0000000008002fb8        0x8 
 .text.PendSV_Handler
                0x0000000008002fc0       0x68 ./Common/ThirdParty/FreeRTOS/portable/GCC/ARM_CM4F/port.o
                0x0000000008002fc0                PendSV_Handler
 .text.SysTick_Handler
                0x0000000008003028       0x54 ./Common/ThirdParty/FreeRTOS/portable/GCC/ARM_CM4F/port.o
                0x0000000008003028                SysTick_Handler
 .text.vPortSetupTimerInterrupt
                0x000000000800307c       0x48 ./Common/ThirdParty/FreeRTOS/portable/GCC/ARM_CM4F/port.o
                0x000000000800307c                vPortSetupTimerInterrupt
 .text.vPortEnableVFP
                0x00000000080030c4       0x18 ./Common/ThirdParty/FreeRTOS/portable/GCC/ARM_CM4F/port.o
 .text.vPortValidateInterruptPriority
                0x00000000080030dc       0x80 ./Common/ThirdParty/FreeRTOS/portable/GCC/ARM_CM4F/port.o
                0x00000000080030dc                vPortValidateInterruptPriority
 .text.pvPortMalloc
                0x000000000800315c      0x174 ./Common/ThirdParty/FreeRTOS/portable/MemMang/heap_4.o
                0x000000000800315c                pvPortMalloc
 .text.vPortFree
                0x00000000080032d0       0xb8 ./Common/ThirdParty/FreeRTOS/portable/MemMang/heap_4.o
                0x00000000080032d0                vPortFree
 .text.prvHeapInit
                0x0000000008003388       0xb8 ./Common/ThirdParty/FreeRTOS/portable/MemMang/heap_4.o
 .text.prvInsertBlockIntoFreeList
                0x0000000008003440       0xb4 ./Common/ThirdParty/FreeRTOS/portable/MemMang/heap_4.o
 .text._cbSendSystemDesc
                0x00000000080034f4       0x1c ./Common/ThirdParty/SEGGER/Config/SEGGER_SYSVIEW_Config_FreeRTOS.o
 .text.SEGGER_SYSVIEW_Conf
                0x0000000008003510       0x2c ./Common/ThirdParty/SEGGER/Config/SEGGER_SYSVIEW_Config_FreeRTOS.o
                0x0000000008003510                SEGGER_SYSVIEW_Conf
 .text._cbSendTaskList
                0x000000000800353c       0x90 ./Common/ThirdParty/SEGGER/OS/SEGGER_SYSVIEW_FreeRTOS.o
 .text._cbGetTime
                0x00000000080035cc       0x86 ./Common/ThirdParty/SEGGER/OS/SEGGER_SYSVIEW_FreeRTOS.o
 *fill*         0x0000000008003652        0x2 
 .text.SYSVIEW_AddTask
                0x0000000008003654       0xd0 ./Common/ThirdParty/SEGGER/OS/SEGGER_SYSVIEW_FreeRTOS.o
                0x0000000008003654                SYSVIEW_AddTask
 .text.SYSVIEW_SendTaskInfo
                0x0000000008003724       0x42 ./Common/ThirdParty/SEGGER/OS/SEGGER_SYSVIEW_FreeRTOS.o
                0x0000000008003724                SYSVIEW_SendTaskInfo
 *fill*         0x0000000008003766        0x2 
 .text.__NVIC_EnableIRQ
                0x0000000008003768       0x3c ./Common/ThirdParty/SEGGER/Rec/segger_uart.o
 .text.__NVIC_SetPriority
                0x00000000080037a4       0x54 ./Common/ThirdParty/SEGGER/Rec/segger_uart.o
 .text._StartSysView
                0x00000000080037f8       0x1e ./Common/ThirdParty/SEGGER/Rec/segger_uart.o
 *fill*         0x0000000008003816        0x2 
 .text._cbOnUARTRx
                0x0000000008003818       0x40 ./Common/ThirdParty/SEGGER/Rec/segger_uart.o
 .text._cbOnUARTTx
                0x0000000008003858       0x64 ./Common/ThirdParty/SEGGER/Rec/segger_uart.o
 .text.SEGGER_UART_init
                0x00000000080038bc       0x24 ./Common/ThirdParty/SEGGER/Rec/segger_uart.o
                0x00000000080038bc                SEGGER_UART_init
 .text.USART2_IRQHandler
                0x00000000080038e0       0x94 ./Common/ThirdParty/SEGGER/Rec/segger_uart.o
                0x00000000080038e0                USART2_IRQHandler
 .text.HIF_UART_EnableTXEInterrupt
                0x0000000008003974       0x20 ./Common/ThirdParty/SEGGER/Rec/segger_uart.o
                0x0000000008003974                HIF_UART_EnableTXEInterrupt
 .text.HIF_UART_Init
                0x0000000008003994       0xf4 ./Common/ThirdParty/SEGGER/Rec/segger_uart.o
                0x0000000008003994                HIF_UART_Init
 .text._DoInit  0x0000000008003a88       0xb4 ./Common/ThirdParty/SEGGER/SEGGER/SEGGER_RTT.o
 .text._WriteBlocking
                0x0000000008003b3c       0xba ./Common/ThirdParty/SEGGER/SEGGER/SEGGER_RTT.o
 .text._WriteNoCheck
                0x0000000008003bf6       0x90 ./Common/ThirdParty/SEGGER/SEGGER/SEGGER_RTT.o
 .text._GetAvailWriteSpace
                0x0000000008003c86       0x46 ./Common/ThirdParty/SEGGER/SEGGER/SEGGER_RTT.o
 .text.SEGGER_RTT_ReadUpBufferNoLock
                0x0000000008003ccc      0x10c ./Common/ThirdParty/SEGGER/SEGGER/SEGGER_RTT.o
                0x0000000008003ccc                SEGGER_RTT_ReadUpBufferNoLock
 .text.SEGGER_RTT_ReadNoLock
                0x0000000008003dd8      0x10c ./Common/ThirdParty/SEGGER/SEGGER/SEGGER_RTT.o
                0x0000000008003dd8                SEGGER_RTT_ReadNoLock
 .text.SEGGER_RTT_WriteDownBufferNoLock
                0x0000000008003ee4       0xa0 ./Common/ThirdParty/SEGGER/SEGGER/SEGGER_RTT.o
                0x0000000008003ee4                SEGGER_RTT_WriteDownBufferNoLock
 .text.SEGGER_RTT_WriteDownBuffer
                0x0000000008003f84       0x4c ./Common/ThirdParty/SEGGER/SEGGER/SEGGER_RTT.o
                0x0000000008003f84                SEGGER_RTT_WriteDownBuffer
 .text.SEGGER_RTT_AllocUpBuffer
                0x0000000008003fd0      0x108 ./Common/ThirdParty/SEGGER/SEGGER/SEGGER_RTT.o
                0x0000000008003fd0                SEGGER_RTT_AllocUpBuffer
 .text.SEGGER_RTT_ConfigDownBuffer
                0x00000000080040d8       0x98 ./Common/ThirdParty/SEGGER/SEGGER/SEGGER_RTT.o
                0x00000000080040d8                SEGGER_RTT_ConfigDownBuffer
 .text._EncodeStr
                0x0000000008004170       0x60 ./Common/ThirdParty/SEGGER/SEGGER/SEGGER_SYSVIEW.o
 .text._PreparePacket
                0x00000000080041d0       0x18 ./Common/ThirdParty/SEGGER/SEGGER/SEGGER_SYSVIEW.o
 .text._HandleIncomingPacket
                0x00000000080041e8       0xdc ./Common/ThirdParty/SEGGER/SEGGER/SEGGER_SYSVIEW.o
 .text._TrySendOverflowPacket
                0x00000000080042c4       0xe8 ./Common/ThirdParty/SEGGER/SEGGER/SEGGER_SYSVIEW.o
 .text._SendPacket
                0x00000000080043ac      0x2e0 ./Common/ThirdParty/SEGGER/SEGGER/SEGGER_SYSVIEW.o
 .text._StoreChar
                0x000000000800468c       0xf6 ./Common/ThirdParty/SEGGER/SEGGER/SEGGER_SYSVIEW.o
 *fill*         0x0000000008004782        0x2 
 .text._PrintUnsigned
                0x0000000008004784      0x12c ./Common/ThirdParty/SEGGER/SEGGER/SEGGER_SYSVIEW.o
 .text._PrintInt
                0x00000000080048b0      0x11e ./Common/ThirdParty/SEGGER/SEGGER/SEGGER_SYSVIEW.o
 *fill*         0x00000000080049ce        0x2 
 .text._VPrintTarget
                0x00000000080049d0      0x440 ./Common/ThirdParty/SEGGER/SEGGER/SEGGER_SYSVIEW.o
 .text.SEGGER_SYSVIEW_Init
                0x0000000008004e10       0x88 ./Common/ThirdParty/SEGGER/SEGGER/SEGGER_SYSVIEW.o
                0x0000000008004e10                SEGGER_SYSVIEW_Init
 .text.SEGGER_SYSVIEW_SetRAMBase
                0x0000000008004e98       0x20 ./Common/ThirdParty/SEGGER/SEGGER/SEGGER_SYSVIEW.o
                0x0000000008004e98                SEGGER_SYSVIEW_SetRAMBase
 .text.SEGGER_SYSVIEW_RecordVoid
                0x0000000008004eb8       0x3c ./Common/ThirdParty/SEGGER/SEGGER/SEGGER_SYSVIEW.o
                0x0000000008004eb8                SEGGER_SYSVIEW_RecordVoid
 .text.SEGGER_SYSVIEW_RecordU32
                0x0000000008004ef4       0x78 ./Common/ThirdParty/SEGGER/SEGGER/SEGGER_SYSVIEW.o
                0x0000000008004ef4                SEGGER_SYSVIEW_RecordU32
 .text.SEGGER_SYSVIEW_RecordU32x2
                0x0000000008004f6c       0xb4 ./Common/ThirdParty/SEGGER/SEGGER/SEGGER_SYSVIEW.o
                0x0000000008004f6c                SEGGER_SYSVIEW_RecordU32x2
 .text.SEGGER_SYSVIEW_RecordU32x3
                0x0000000008005020       0xec ./Common/ThirdParty/SEGGER/SEGGER/SEGGER_SYSVIEW.o
                0x0000000008005020                SEGGER_SYSVIEW_RecordU32x3
 .text.SEGGER_SYSVIEW_RecordU32x4
                0x000000000800510c      0x124 ./Common/ThirdParty/SEGGER/SEGGER/SEGGER_SYSVIEW.o
                0x000000000800510c                SEGGER_SYSVIEW_RecordU32x4
 .text.SEGGER_SYSVIEW_Start
                0x0000000008005230      0x178 ./Common/ThirdParty/SEGGER/SEGGER/SEGGER_SYSVIEW.o
                0x0000000008005230                SEGGER_SYSVIEW_Start
 .text.SEGGER_SYSVIEW_Stop
                0x00000000080053a8       0x4c ./Common/ThirdParty/SEGGER/SEGGER/SEGGER_SYSVIEW.o
                0x00000000080053a8                SEGGER_SYSVIEW_Stop
 .text.SEGGER_SYSVIEW_GetSysDesc
                0x00000000080053f4      0x134 ./Common/ThirdParty/SEGGER/SEGGER/SEGGER_SYSVIEW.o
                0x00000000080053f4                SEGGER_SYSVIEW_GetSysDesc
 .text.SEGGER_SYSVIEW_SendTaskInfo
                0x0000000008005528      0x1c8 ./Common/ThirdParty/SEGGER/SEGGER/SEGGER_SYSVIEW.o
                0x0000000008005528                SEGGER_SYSVIEW_SendTaskInfo
 .text.SEGGER_SYSVIEW_SendTaskList
                0x00000000080056f0       0x28 ./Common/ThirdParty/SEGGER/SEGGER/SEGGER_SYSVIEW.o
                0x00000000080056f0                SEGGER_SYSVIEW_SendTaskList
 .text.SEGGER_SYSVIEW_SendSysDesc
                0x0000000008005718       0x48 ./Common/ThirdParty/SEGGER/SEGGER/SEGGER_SYSVIEW.o
                0x0000000008005718                SEGGER_SYSVIEW_SendSysDesc
 .text.SEGGER_SYSVIEW_RecordSystime
                0x0000000008005760       0x64 ./Common/ThirdParty/SEGGER/SEGGER/SEGGER_SYSVIEW.o
                0x0000000008005760                SEGGER_SYSVIEW_RecordSystime
 .text.SEGGER_SYSVIEW_RecordEnterISR
                0x00000000080057c4       0x84 ./Common/ThirdParty/SEGGER/SEGGER/SEGGER_SYSVIEW.o
                0x00000000080057c4                SEGGER_SYSVIEW_RecordEnterISR
 .text.SEGGER_SYSVIEW_RecordExitISR
                0x0000000008005848       0x38 ./Common/ThirdParty/SEGGER/SEGGER/SEGGER_SYSVIEW.o
                0x0000000008005848                SEGGER_SYSVIEW_RecordExitISR
 .text.SEGGER_SYSVIEW_RecordExitISRToScheduler
                0x0000000008005880       0x38 ./Common/ThirdParty/SEGGER/SEGGER/SEGGER_SYSVIEW.o
                0x0000000008005880                SEGGER_SYSVIEW_RecordExitISRToScheduler
 .text.SEGGER_SYSVIEW_OnIdle
                0x00000000080058b8       0x38 ./Common/ThirdParty/SEGGER/SEGGER/SEGGER_SYSVIEW.o
                0x00000000080058b8                SEGGER_SYSVIEW_OnIdle
 .text.SEGGER_SYSVIEW_OnTaskCreate
                0x00000000080058f0       0x84 ./Common/ThirdParty/SEGGER/SEGGER/SEGGER_SYSVIEW.o
                0x00000000080058f0                SEGGER_SYSVIEW_OnTaskCreate
 .text.SEGGER_SYSVIEW_OnTaskStartExec
                0x0000000008005974       0x84 ./Common/ThirdParty/SEGGER/SEGGER/SEGGER_SYSVIEW.o
                0x0000000008005974                SEGGER_SYSVIEW_OnTaskStartExec
 .text.SEGGER_SYSVIEW_OnTaskStartReady
                0x00000000080059f8       0x84 ./Common/ThirdParty/SEGGER/SEGGER/SEGGER_SYSVIEW.o
                0x00000000080059f8                SEGGER_SYSVIEW_OnTaskStartReady
 .text.SEGGER_SYSVIEW_ShrinkId
                0x0000000008005a7c       0x20 ./Common/ThirdParty/SEGGER/SEGGER/SEGGER_SYSVIEW.o
                0x0000000008005a7c                SEGGER_SYSVIEW_ShrinkId
 .text.SEGGER_SYSVIEW_SendModule
                0x0000000008005a9c      0x114 ./Common/ThirdParty/SEGGER/SEGGER/SEGGER_SYSVIEW.o
                0x0000000008005a9c                SEGGER_SYSVIEW_SendModule
 .text.SEGGER_SYSVIEW_SendModuleDescription
                0x0000000008005bb0       0x3c ./Common/ThirdParty/SEGGER/SEGGER/SEGGER_SYSVIEW.o
                0x0000000008005bb0                SEGGER_SYSVIEW_SendModuleDescription
 .text.SEGGER_SYSVIEW_SendNumModules
                0x0000000008005bec       0x7c ./Common/ThirdParty/SEGGER/SEGGER/SEGGER_SYSVIEW.o
                0x0000000008005bec                SEGGER_SYSVIEW_SendNumModules
 .text.SEGGER_SYSVIEW_PrintfTarget
                0x0000000008005c68       0x28 ./Common/ThirdParty/SEGGER/SEGGER/SEGGER_SYSVIEW.o
                0x0000000008005c68                SEGGER_SYSVIEW_PrintfTarget
 .text.SEGGER_SYSVIEW_Warn
                0x0000000008005c90       0xb8 ./Common/ThirdParty/SEGGER/SEGGER/SEGGER_SYSVIEW.o
                0x0000000008005c90                SEGGER_SYSVIEW_Warn
 .text.SEGGER_SYSVIEW_IsStarted
                0x0000000008005d48       0x5c ./Common/ThirdParty/SEGGER/SEGGER/SEGGER_SYSVIEW.o
                0x0000000008005d48                SEGGER_SYSVIEW_IsStarted
 .text.KEYPAD_read
                0x0000000008005da4      0x188 ./Core/Src/KEYPAD_Program.o
                0x0000000008005da4                KEYPAD_read
 .text.delay    0x0000000008005f2c       0x34 ./Core/Src/LCD1602.o
                0x0000000008005f2c                delay
 .text.send_to_lcd
                0x0000000008005f60       0xac ./Core/Src/LCD1602.o
                0x0000000008005f60                send_to_lcd
 .text.lcd_send_cmd
                0x000000000800600c       0x34 ./Core/Src/LCD1602.o
                0x000000000800600c                lcd_send_cmd
 .text.lcd_send_data
                0x0000000008006040       0x34 ./Core/Src/LCD1602.o
                0x0000000008006040                lcd_send_data
 .text.lcd_clear
                0x0000000008006074       0x14 ./Core/Src/LCD1602.o
                0x0000000008006074                lcd_clear
 .text.lcd_put_cur
                0x0000000008006088       0x3e ./Core/Src/LCD1602.o
                0x0000000008006088                lcd_put_cur
 .text.lcd_init
                0x00000000080060c6       0x7a ./Core/Src/LCD1602.o
                0x00000000080060c6                lcd_init
 .text.lcd_send_string
                0x0000000008006140       0x2a ./Core/Src/LCD1602.o
                0x0000000008006140                lcd_send_string
 *fill*         0x000000000800616a        0x2 
 .text.main     0x000000000800616c      0x158 ./Core/Src/main.o
                0x000000000800616c                main
 .text.SystemClock_Config
                0x00000000080062c4       0xd8 ./Core/Src/main.o
                0x00000000080062c4                SystemClock_Config
 .text.MX_GPIO_Init
                0x000000000800639c      0x170 ./Core/Src/main.o
 .text.KPTaskHandler
                0x000000000800650c      0x134 ./Core/Src/main.o
                0x000000000800650c                KPTaskHandler
 .text.LCDTaskHandler
                0x0000000008006640      0x14c ./Core/Src/main.o
                0x0000000008006640                LCDTaskHandler
 .text.CalculationTaskHandler
                0x000000000800678c      0x1c0 ./Core/Src/main.o
                0x000000000800678c                CalculationTaskHandler
 .text.HAL_TIM_PeriodElapsedCallback
                0x000000000800694c       0x24 ./Core/Src/main.o
                0x000000000800694c                HAL_TIM_PeriodElapsedCallback
 .text.Error_Handler
                0x0000000008006970        0xa ./Core/Src/main.o
                0x0000000008006970                Error_Handler
 *fill*         0x000000000800697a        0x2 
 .text.HAL_MspInit
                0x000000000800697c       0x50 ./Core/Src/stm32f4xx_hal_msp.o
                0x000000000800697c                HAL_MspInit
 .text.HAL_InitTick
                0x00000000080069cc       0xf8 ./Core/Src/stm32f4xx_hal_timebase_tim.o
                0x00000000080069cc                HAL_InitTick
 .text.NMI_Handler
                0x0000000008006ac4        0x6 ./Core/Src/stm32f4xx_it.o
                0x0000000008006ac4                NMI_Handler
 .text.HardFault_Handler
                0x0000000008006aca        0x6 ./Core/Src/stm32f4xx_it.o
                0x0000000008006aca                HardFault_Handler
 .text.MemManage_Handler
                0x0000000008006ad0        0x6 ./Core/Src/stm32f4xx_it.o
                0x0000000008006ad0                MemManage_Handler
 .text.BusFault_Handler
                0x0000000008006ad6        0x6 ./Core/Src/stm32f4xx_it.o
                0x0000000008006ad6                BusFault_Handler
 .text.UsageFault_Handler
                0x0000000008006adc        0x6 ./Core/Src/stm32f4xx_it.o
                0x0000000008006adc                UsageFault_Handler
 .text.DebugMon_Handler
                0x0000000008006ae2        0xe ./Core/Src/stm32f4xx_it.o
                0x0000000008006ae2                DebugMon_Handler
 .text.TIM6_DAC_IRQHandler
                0x0000000008006af0       0x14 ./Core/Src/stm32f4xx_it.o
                0x0000000008006af0                TIM6_DAC_IRQHandler
 .text.SystemInit
                0x0000000008006b04       0x24 ./Core/Src/system_stm32f4xx.o
                0x0000000008006b04                SystemInit
 .text.Reset_Handler
                0x0000000008006b28       0x50 ./Core/Startup/startup_stm32f446retx.o
                0x0000000008006b28                Reset_Handler
 .text.Default_Handler
                0x0000000008006b78        0x2 ./Core/Startup/startup_stm32f446retx.o
                0x0000000008006b78                RTC_Alarm_IRQHandler
                0x0000000008006b78                EXTI2_IRQHandler
                0x0000000008006b78                TIM8_CC_IRQHandler
                0x0000000008006b78                FMPI2C1_EV_IRQHandler
                0x0000000008006b78                SPI4_IRQHandler
                0x0000000008006b78                TIM1_CC_IRQHandler
                0x0000000008006b78                DMA2_Stream5_IRQHandler
                0x0000000008006b78                DMA1_Stream5_IRQHandler
                0x0000000008006b78                PVD_IRQHandler
                0x0000000008006b78                SDIO_IRQHandler
                0x0000000008006b78                TAMP_STAMP_IRQHandler
                0x0000000008006b78                CAN2_RX1_IRQHandler
                0x0000000008006b78                EXTI3_IRQHandler
                0x0000000008006b78                TIM8_TRG_COM_TIM14_IRQHandler
                0x0000000008006b78                TIM1_UP_TIM10_IRQHandler
                0x0000000008006b78                TIM8_UP_TIM13_IRQHandler
                0x0000000008006b78                I2C3_ER_IRQHandler
                0x0000000008006b78                EXTI0_IRQHandler
                0x0000000008006b78                I2C2_EV_IRQHandler
                0x0000000008006b78                DMA1_Stream2_IRQHandler
                0x0000000008006b78                CAN1_RX0_IRQHandler
                0x0000000008006b78                FPU_IRQHandler
                0x0000000008006b78                OTG_HS_WKUP_IRQHandler
                0x0000000008006b78                CAN2_SCE_IRQHandler
                0x0000000008006b78                DMA2_Stream2_IRQHandler
                0x0000000008006b78                SPI1_IRQHandler
                0x0000000008006b78                TIM1_BRK_TIM9_IRQHandler
                0x0000000008006b78                DCMI_IRQHandler
                0x0000000008006b78                CAN2_RX0_IRQHandler
                0x0000000008006b78                DMA2_Stream3_IRQHandler
                0x0000000008006b78                SAI2_IRQHandler
                0x0000000008006b78                USART6_IRQHandler
                0x0000000008006b78                USART3_IRQHandler
                0x0000000008006b78                CAN1_RX1_IRQHandler
                0x0000000008006b78                UART5_IRQHandler
                0x0000000008006b78                DMA2_Stream0_IRQHandler
                0x0000000008006b78                TIM4_IRQHandler
                0x0000000008006b78                QUADSPI_IRQHandler
                0x0000000008006b78                I2C1_EV_IRQHandler
                0x0000000008006b78                DMA1_Stream6_IRQHandler
                0x0000000008006b78                DMA1_Stream1_IRQHandler
                0x0000000008006b78                UART4_IRQHandler
                0x0000000008006b78                TIM3_IRQHandler
                0x0000000008006b78                RCC_IRQHandler
                0x0000000008006b78                TIM8_BRK_TIM12_IRQHandler
                0x0000000008006b78                Default_Handler
                0x0000000008006b78                CEC_IRQHandler
                0x0000000008006b78                EXTI15_10_IRQHandler
                0x0000000008006b78                ADC_IRQHandler
                0x0000000008006b78                DMA1_Stream7_IRQHandler
                0x0000000008006b78                TIM7_IRQHandler
                0x0000000008006b78                CAN2_TX_IRQHandler
                0x0000000008006b78                TIM5_IRQHandler
                0x0000000008006b78                DMA2_Stream7_IRQHandler
                0x0000000008006b78                I2C3_EV_IRQHandler
                0x0000000008006b78                EXTI9_5_IRQHandler
                0x0000000008006b78                RTC_WKUP_IRQHandler
                0x0000000008006b78                SPDIF_RX_IRQHandler
                0x0000000008006b78                SPI2_IRQHandler
                0x0000000008006b78                OTG_HS_EP1_IN_IRQHandler
                0x0000000008006b78                DMA1_Stream0_IRQHandler
                0x0000000008006b78                CAN1_TX_IRQHandler
                0x0000000008006b78                FMPI2C1_ER_IRQHandler
                0x0000000008006b78                EXTI4_IRQHandler
                0x0000000008006b78                OTG_HS_EP1_OUT_IRQHandler
                0x0000000008006b78                WWDG_IRQHandler
                0x0000000008006b78                TIM2_IRQHandler
                0x0000000008006b78                OTG_FS_WKUP_IRQHandler
                0x0000000008006b78                TIM1_TRG_COM_TIM11_IRQHandler
                0x0000000008006b78                OTG_HS_IRQHandler
                0x0000000008006b78                EXTI1_IRQHandler
                0x0000000008006b78                I2C2_ER_IRQHandler
                0x0000000008006b78                DMA2_Stream1_IRQHandler
                0x0000000008006b78                CAN1_SCE_IRQHandler
                0x0000000008006b78                FLASH_IRQHandler
                0x0000000008006b78                DMA2_Stream4_IRQHandler
                0x0000000008006b78                USART1_IRQHandler
                0x0000000008006b78                OTG_FS_IRQHandler
                0x0000000008006b78                SPI3_IRQHandler
                0x0000000008006b78                DMA1_Stream4_IRQHandler
                0x0000000008006b78                I2C1_ER_IRQHandler
                0x0000000008006b78                FMC_IRQHandler
                0x0000000008006b78                DMA2_Stream6_IRQHandler
                0x0000000008006b78                SAI1_IRQHandler
                0x0000000008006b78                DMA1_Stream3_IRQHandler
 *fill*         0x0000000008006b7a        0x2 
 .text.HAL_Init
                0x0000000008006b7c       0x44 ./Drivers/STM32F4xx_HAL_Driver/Src/stm32f4xx_hal.o
                0x0000000008006b7c                HAL_Init
 .text.HAL_IncTick
                0x0000000008006bc0       0x28 ./Drivers/STM32F4xx_HAL_Driver/Src/stm32f4xx_hal.o
                0x0000000008006bc0                HAL_IncTick
 .text.HAL_GetTick
                0x0000000008006be8       0x18 ./Drivers/STM32F4xx_HAL_Driver/Src/stm32f4xx_hal.o
                0x0000000008006be8                HAL_GetTick
 .text.HAL_Delay
                0x0000000008006c00       0x48 ./Drivers/STM32F4xx_HAL_Driver/Src/stm32f4xx_hal.o
                0x0000000008006c00                HAL_Delay
 .text.__NVIC_SetPriorityGrouping
                0x0000000008006c48       0x48 ./Drivers/STM32F4xx_HAL_Driver/Src/stm32f4xx_hal_cortex.o
 .text.__NVIC_GetPriorityGrouping
                0x0000000008006c90       0x1c ./Drivers/STM32F4xx_HAL_Driver/Src/stm32f4xx_hal_cortex.o
 .text.__NVIC_EnableIRQ
                0x0000000008006cac       0x3c ./Drivers/STM32F4xx_HAL_Driver/Src/stm32f4xx_hal_cortex.o
 .text.__NVIC_SetPriority
                0x0000000008006ce8       0x54 ./Drivers/STM32F4xx_HAL_Driver/Src/stm32f4xx_hal_cortex.o
 .text.NVIC_EncodePriority
                0x0000000008006d3c       0x66 ./Drivers/STM32F4xx_HAL_Driver/Src/stm32f4xx_hal_cortex.o
 .text.HAL_NVIC_SetPriorityGrouping
                0x0000000008006da2       0x16 ./Drivers/STM32F4xx_HAL_Driver/Src/stm32f4xx_hal_cortex.o
                0x0000000008006da2                HAL_NVIC_SetPriorityGrouping
 .text.HAL_NVIC_SetPriority
                0x0000000008006db8       0x38 ./Drivers/STM32F4xx_HAL_Driver/Src/stm32f4xx_hal_cortex.o
                0x0000000008006db8                HAL_NVIC_SetPriority
 .text.HAL_NVIC_EnableIRQ
                0x0000000008006df0       0x1c ./Drivers/STM32F4xx_HAL_Driver/Src/stm32f4xx_hal_cortex.o
                0x0000000008006df0                HAL_NVIC_EnableIRQ
 .text.HAL_GPIO_Init
                0x0000000008006e0c      0x328 ./Drivers/STM32F4xx_HAL_Driver/Src/stm32f4xx_hal_gpio.o
                0x0000000008006e0c                HAL_GPIO_Init
 .text.HAL_GPIO_ReadPin
                0x0000000008007134       0x30 ./Drivers/STM32F4xx_HAL_Driver/Src/stm32f4xx_hal_gpio.o
                0x0000000008007134                HAL_GPIO_ReadPin
 .text.HAL_GPIO_WritePin
                0x0000000008007164       0x32 ./Drivers/STM32F4xx_HAL_Driver/Src/stm32f4xx_hal_gpio.o
                0x0000000008007164                HAL_GPIO_WritePin
 *fill*         0x0000000008007196        0x2 
 .text.HAL_RCC_ClockConfig
                0x0000000008007198      0x1cc ./Drivers/STM32F4xx_HAL_Driver/Src/stm32f4xx_hal_rcc.o
                0x0000000008007198                HAL_RCC_ClockConfig
 .text.HAL_RCC_GetHCLKFreq
                0x0000000008007364       0x18 ./Drivers/STM32F4xx_HAL_Driver/Src/stm32f4xx_hal_rcc.o
                0x0000000008007364                HAL_RCC_GetHCLKFreq
 .text.HAL_RCC_GetPCLK1Freq
                0x000000000800737c       0x28 ./Drivers/STM32F4xx_HAL_Driver/Src/stm32f4xx_hal_rcc.o
                0x000000000800737c                HAL_RCC_GetPCLK1Freq
 .text.HAL_RCC_GetClockConfig
                0x00000000080073a4       0x64 ./Drivers/STM32F4xx_HAL_Driver/Src/stm32f4xx_hal_rcc.o
                0x00000000080073a4                HAL_RCC_GetClockConfig
 .text.HAL_RCC_GetSysClockFreq
                0x0000000008007408      0x460 ./Drivers/STM32F4xx_HAL_Driver/Src/stm32f4xx_hal_rcc_ex.o
                0x0000000008007408                HAL_RCC_GetSysClockFreq
 .text.HAL_RCC_OscConfig
                0x0000000008007868      0x53c ./Drivers/STM32F4xx_HAL_Driver/Src/stm32f4xx_hal_rcc_ex.o
                0x0000000008007868                HAL_RCC_OscConfig
 .text.HAL_TIM_Base_Init
                0x0000000008007da4       0x9e ./Drivers/STM32F4xx_HAL_Driver/Src/stm32f4xx_hal_tim.o
                0x0000000008007da4                HAL_TIM_Base_Init
 .text.HAL_TIM_Base_MspInit
                0x0000000008007e42       0x14 ./Drivers/STM32F4xx_HAL_Driver/Src/stm32f4xx_hal_tim.o
                0x0000000008007e42                HAL_TIM_Base_MspInit
 *fill*         0x0000000008007e56        0x2 
 .text.HAL_TIM_Base_Start_IT
                0x0000000008007e58       0xe0 ./Drivers/STM32F4xx_HAL_Driver/Src/stm32f4xx_hal_tim.o
                0x0000000008007e58                HAL_TIM_Base_Start_IT
 .text.HAL_TIM_IRQHandler
                0x0000000008007f38      0x210 ./Drivers/STM32F4xx_HAL_Driver/Src/stm32f4xx_hal_tim.o
                0x0000000008007f38                HAL_TIM_IRQHandler
 .text.HAL_TIM_OC_DelayElapsedCallback
                0x0000000008008148       0x14 ./Drivers/STM32F4xx_HAL_Driver/Src/stm32f4xx_hal_tim.o
                0x0000000008008148                HAL_TIM_OC_DelayElapsedCallback
 .text.HAL_TIM_IC_CaptureCallback
                0x000000000800815c       0x14 ./Drivers/STM32F4xx_HAL_Driver/Src/stm32f4xx_hal_tim.o
                0x000000000800815c                HAL_TIM_IC_CaptureCallback
 .text.HAL_TIM_PWM_PulseFinishedCallback
                0x0000000008008170       0x14 ./Drivers/STM32F4xx_HAL_Driver/Src/stm32f4xx_hal_tim.o
                0x0000000008008170                HAL_TIM_PWM_PulseFinishedCallback
 .text.HAL_TIM_TriggerCallback
                0x0000000008008184       0x14 ./Drivers/STM32F4xx_HAL_Driver/Src/stm32f4xx_hal_tim.o
                0x0000000008008184                HAL_TIM_TriggerCallback
 .text.TIM_Base_SetConfig
                0x0000000008008198      0x140 ./Drivers/STM32F4xx_HAL_Driver/Src/stm32f4xx_hal_tim.o
                0x0000000008008198                TIM_Base_SetConfig
 .text.HAL_TIMEx_CommutCallback
                0x00000000080082d8       0x14 ./Drivers/STM32F4xx_HAL_Driver/Src/stm32f4xx_hal_tim_ex.o
                0x00000000080082d8                HAL_TIMEx_CommutCallback
 .text.HAL_TIMEx_BreakCallback
                0x00000000080082ec       0x14 ./Drivers/STM32F4xx_HAL_Driver/Src/stm32f4xx_hal_tim_ex.o
                0x00000000080082ec                HAL_TIMEx_BreakCallback
 .text.__itoa   0x0000000008008300       0x30 C:/Users/DELL/STM32CubeIDE_1.11.2/STM32CubeIDE/plugins/com.st.stm32cube.ide.mcu.externaltools.gnu-tools-for-stm32.11.3.rel1.win32_1.1.1.202309131626/tools/bin/../lib/gcc/arm-none-eabi/11.3.1/../../../../arm-none-eabi/lib/thumb/v7e-m+fp/hard\libc_nano.a(libc_a-itoa.o)
                0x0000000008008300                __itoa
 .text.itoa     0x0000000008008330        0x4 C:/Users/DELL/STM32CubeIDE_1.11.2/STM32CubeIDE/plugins/com.st.stm32cube.ide.mcu.externaltools.gnu-tools-for-stm32.11.3.rel1.win32_1.1.1.202309131626/tools/bin/../lib/gcc/arm-none-eabi/11.3.1/../../../../arm-none-eabi/lib/thumb/v7e-m+fp/hard\libc_nano.a(libc_a-itoa.o)
                0x0000000008008330                itoa
 .text.__utoa   0x0000000008008334       0x84 C:/Users/DELL/STM32CubeIDE_1.11.2/STM32CubeIDE/plugins/com.st.stm32cube.ide.mcu.externaltools.gnu-tools-for-stm32.11.3.rel1.win32_1.1.1.202309131626/tools/bin/../lib/gcc/arm-none-eabi/11.3.1/../../../../arm-none-eabi/lib/thumb/v7e-m+fp/hard\libc_nano.a(libc_a-utoa.o)
                0x0000000008008334                __utoa
 .text.snprintf
                0x00000000080083b8       0x68 C:/Users/DELL/STM32CubeIDE_1.11.2/STM32CubeIDE/plugins/com.st.stm32cube.ide.mcu.externaltools.gnu-tools-for-stm32.11.3.rel1.win32_1.1.1.202309131626/tools/bin/../lib/gcc/arm-none-eabi/11.3.1/../../../../arm-none-eabi/lib/thumb/v7e-m+fp/hard\libc_nano.a(libc_a-snprintf.o)
                0x00000000080083b8                sniprintf
                0x00000000080083b8                snprintf
 .text.memcmp   0x0000000008008420       0x20 C:/Users/DELL/STM32CubeIDE_1.11.2/STM32CubeIDE/plugins/com.st.stm32cube.ide.mcu.externaltools.gnu-tools-for-stm32.11.3.rel1.win32_1.1.1.202309131626/tools/bin/../lib/gcc/arm-none-eabi/11.3.1/../../../../arm-none-eabi/lib/thumb/v7e-m+fp/hard\libc_nano.a(libc_a-memcmp.o)
                0x0000000008008420                memcmp
 .text.memset   0x0000000008008440       0x10 C:/Users/DELL/STM32CubeIDE_1.11.2/STM32CubeIDE/plugins/com.st.stm32cube.ide.mcu.externaltools.gnu-tools-for-stm32.11.3.rel1.win32_1.1.1.202309131626/tools/bin/../lib/gcc/arm-none-eabi/11.3.1/../../../../arm-none-eabi/lib/thumb/v7e-m+fp/hard\libc_nano.a(libc_a-memset.o)
                0x0000000008008440                memset
 .text.__libc_init_array
                0x0000000008008450       0x48 C:/Users/DELL/STM32CubeIDE_1.11.2/STM32CubeIDE/plugins/com.st.stm32cube.ide.mcu.externaltools.gnu-tools-for-stm32.11.3.rel1.win32_1.1.1.202309131626/tools/bin/../lib/gcc/arm-none-eabi/11.3.1/../../../../arm-none-eabi/lib/thumb/v7e-m+fp/hard\libc_nano.a(libc_a-init.o)
                0x0000000008008450                __libc_init_array
 .text.__retarget_lock_acquire_recursive
                0x0000000008008498        0x2 C:/Users/DELL/STM32CubeIDE_1.11.2/STM32CubeIDE/plugins/com.st.stm32cube.ide.mcu.externaltools.gnu-tools-for-stm32.11.3.rel1.win32_1.1.1.202309131626/tools/bin/../lib/gcc/arm-none-eabi/11.3.1/../../../../arm-none-eabi/lib/thumb/v7e-m+fp/hard\libc_nano.a(libc_a-lock.o)
                0x0000000008008498                __retarget_lock_acquire_recursive
 .text.__retarget_lock_release_recursive
                0x000000000800849a        0x2 C:/Users/DELL/STM32CubeIDE_1.11.2/STM32CubeIDE/plugins/com.st.stm32cube.ide.mcu.externaltools.gnu-tools-for-stm32.11.3.rel1.win32_1.1.1.202309131626/tools/bin/../lib/gcc/arm-none-eabi/11.3.1/../../../../arm-none-eabi/lib/thumb/v7e-m+fp/hard\libc_nano.a(libc_a-lock.o)
                0x000000000800849a                __retarget_lock_release_recursive
 .text.memcpy   0x000000000800849c       0x1c C:/Users/DELL/STM32CubeIDE_1.11.2/STM32CubeIDE/plugins/com.st.stm32cube.ide.mcu.externaltools.gnu-tools-for-stm32.11.3.rel1.win32_1.1.1.202309131626/tools/bin/../lib/gcc/arm-none-eabi/11.3.1/../../../../arm-none-eabi/lib/thumb/v7e-m+fp/hard\libc_nano.a(libc_a-memcpy-stub.o)
                0x000000000800849c                memcpy
 .text._free_r  0x00000000080084b8       0x98 C:/Users/DELL/STM32CubeIDE_1.11.2/STM32CubeIDE/plugins/com.st.stm32cube.ide.mcu.externaltools.gnu-tools-for-stm32.11.3.rel1.win32_1.1.1.202309131626/tools/bin/../lib/gcc/arm-none-eabi/11.3.1/../../../../arm-none-eabi/lib/thumb/v7e-m+fp/hard\libc_nano.a(libc_a-freer.o)
                0x00000000080084b8                _free_r
 .text.sbrk_aligned
                0x0000000008008550       0x40 C:/Users/DELL/STM32CubeIDE_1.11.2/STM32CubeIDE/plugins/com.st.stm32cube.ide.mcu.externaltools.gnu-tools-for-stm32.11.3.rel1.win32_1.1.1.202309131626/tools/bin/../lib/gcc/arm-none-eabi/11.3.1/../../../../arm-none-eabi/lib/thumb/v7e-m+fp/hard\libc_nano.a(libc_a-mallocr.o)
 .text._malloc_r
                0x0000000008008590      0x100 C:/Users/DELL/STM32CubeIDE_1.11.2/STM32CubeIDE/plugins/com.st.stm32cube.ide.mcu.externaltools.gnu-tools-for-stm32.11.3.rel1.win32_1.1.1.202309131626/tools/bin/../lib/gcc/arm-none-eabi/11.3.1/../../../../arm-none-eabi/lib/thumb/v7e-m+fp/hard\libc_nano.a(libc_a-mallocr.o)
                0x0000000008008590                _malloc_r
 .text.__malloc_lock
                0x0000000008008690        0xc C:/Users/DELL/STM32CubeIDE_1.11.2/STM32CubeIDE/plugins/com.st.stm32cube.ide.mcu.externaltools.gnu-tools-for-stm32.11.3.rel1.win32_1.1.1.202309131626/tools/bin/../lib/gcc/arm-none-eabi/11.3.1/../../../../arm-none-eabi/lib/thumb/v7e-m+fp/hard\libc_nano.a(libc_a-mlock.o)
                0x0000000008008690                __malloc_lock
 .text.__malloc_unlock
                0x000000000800869c        0xc C:/Users/DELL/STM32CubeIDE_1.11.2/STM32CubeIDE/plugins/com.st.stm32cube.ide.mcu.externaltools.gnu-tools-for-stm32.11.3.rel1.win32_1.1.1.202309131626/tools/bin/../lib/gcc/arm-none-eabi/11.3.1/../../../../arm-none-eabi/lib/thumb/v7e-m+fp/hard\libc_nano.a(libc_a-mlock.o)
                0x000000000800869c                __malloc_unlock
 .text.__ssputs_r
                0x00000000080086a8       0xb4 C:/Users/DELL/STM32CubeIDE_1.11.2/STM32CubeIDE/plugins/com.st.stm32cube.ide.mcu.externaltools.gnu-tools-for-stm32.11.3.rel1.win32_1.1.1.202309131626/tools/bin/../lib/gcc/arm-none-eabi/11.3.1/../../../../arm-none-eabi/lib/thumb/v7e-m+fp/hard\libc_nano.a(libc_a-nano-svfprintf.o)
                0x00000000080086a8                __ssputs_r
 .text._svfprintf_r
                0x000000000800875c      0x1fc C:/Users/DELL/STM32CubeIDE_1.11.2/STM32CubeIDE/plugins/com.st.stm32cube.ide.mcu.externaltools.gnu-tools-for-stm32.11.3.rel1.win32_1.1.1.202309131626/tools/bin/../lib/gcc/arm-none-eabi/11.3.1/../../../../arm-none-eabi/lib/thumb/v7e-m+fp/hard\libc_nano.a(libc_a-nano-svfprintf.o)
                0x000000000800875c                _svfiprintf_r
                0x000000000800875c                _svfprintf_r
 .text._printf_common
                0x0000000008008958       0xda C:/Users/DELL/STM32CubeIDE_1.11.2/STM32CubeIDE/plugins/com.st.stm32cube.ide.mcu.externaltools.gnu-tools-for-stm32.11.3.rel1.win32_1.1.1.202309131626/tools/bin/../lib/gcc/arm-none-eabi/11.3.1/../../../../arm-none-eabi/lib/thumb/v7e-m+fp/hard\libc_nano.a(libc_a-nano-vfprintf_i.o)
                0x0000000008008958                _printf_common
 *fill*         0x0000000008008a32        0x2 
 .text._printf_i
                0x0000000008008a34      0x244 C:/Users/DELL/STM32CubeIDE_1.11.2/STM32CubeIDE/plugins/com.st.stm32cube.ide.mcu.externaltools.gnu-tools-for-stm32.11.3.rel1.win32_1.1.1.202309131626/tools/bin/../lib/gcc/arm-none-eabi/11.3.1/../../../../arm-none-eabi/lib/thumb/v7e-m+fp/hard\libc_nano.a(libc_a-nano-vfprintf_i.o)
                0x0000000008008a34                _printf_i
 .text.memmove  0x0000000008008c78       0x34 C:/Users/DELL/STM32CubeIDE_1.11.2/STM32CubeIDE/plugins/com.st.stm32cube.ide.mcu.externaltools.gnu-tools-for-stm32.11.3.rel1.win32_1.1.1.202309131626/tools/bin/../lib/gcc/arm-none-eabi/11.3.1/../../../../arm-none-eabi/lib/thumb/v7e-m+fp/hard\libc_nano.a(libc_a-memmove.o)
                0x0000000008008c78                memmove
 .text._sbrk_r  0x0000000008008cac       0x20 C:/Users/DELL/STM32CubeIDE_1.11.2/STM32CubeIDE/plugins/com.st.stm32cube.ide.mcu.externaltools.gnu-tools-for-stm32.11.3.rel1.win32_1.1.1.202309131626/tools/bin/../lib/gcc/arm-none-eabi/11.3.1/../../../../arm-none-eabi/lib/thumb/v7e-m+fp/hard\libc_nano.a(libc_a-sbrkr.o)
                0x0000000008008cac                _sbrk_r
 .text._realloc_r
                0x0000000008008ccc       0x5e C:/Users/DELL/STM32CubeIDE_1.11.2/STM32CubeIDE/plugins/com.st.stm32cube.ide.mcu.externaltools.gnu-tools-for-stm32.11.3.rel1.win32_1.1.1.202309131626/tools/bin/../lib/gcc/arm-none-eabi/11.3.1/../../../../arm-none-eabi/lib/thumb/v7e-m+fp/hard\libc_nano.a(libc_a-reallocr.o)
                0x0000000008008ccc                _realloc_r
 .text._malloc_usable_size_r
                0x0000000008008d2a       0x10 C:/Users/DELL/STM32CubeIDE_1.11.2/STM32CubeIDE/plugins/com.st.stm32cube.ide.mcu.externaltools.gnu-tools-for-stm32.11.3.rel1.win32_1.1.1.202309131626/tools/bin/../lib/gcc/arm-none-eabi/11.3.1/../../../../arm-none-eabi/lib/thumb/v7e-m+fp/hard\libc_nano.a(libc_a-msizer.o)
                0x0000000008008d2a                _malloc_usable_size_r
 *fill*         0x0000000008008d3a        0x2 
 .text._sbrk    0x0000000008008d3c       0x1c C:/Users/DELL/STM32CubeIDE_1.11.2/STM32CubeIDE/plugins/com.st.stm32cube.ide.mcu.externaltools.gnu-tools-for-stm32.11.3.rel1.win32_1.1.1.202309131626/tools/bin/../lib/gcc/arm-none-eabi/11.3.1/../../../../arm-none-eabi/lib/thumb/v7e-m+fp/hard\libnosys.a(sbrk.o)
                0x0000000008008d3c                _sbrk
 *(.glue_7)
 .glue_7        0x0000000008008d58        0x0 linker stubs
 *(.glue_7t)
 .glue_7t       0x0000000008008d58        0x0 linker stubs
 *(.eh_frame)
 .eh_frame      0x0000000008008d58        0x0 C:/Users/DELL/STM32CubeIDE_1.11.2/STM32CubeIDE/plugins/com.st.stm32cube.ide.mcu.externaltools.gnu-tools-for-stm32.11.3.rel1.win32_1.1.1.202309131626/tools/bin/../lib/gcc/arm-none-eabi/11.3.1/thumb/v7e-m+fp/hard/crtbegin.o
 *(.init)
 .init          0x0000000008008d58        0x4 C:/Users/DELL/STM32CubeIDE_1.11.2/STM32CubeIDE/plugins/com.st.stm32cube.ide.mcu.externaltools.gnu-tools-for-stm32.11.3.rel1.win32_1.1.1.202309131626/tools/bin/../lib/gcc/arm-none-eabi/11.3.1/thumb/v7e-m+fp/hard/crti.o
                0x0000000008008d58                _init
 .init          0x0000000008008d5c        0x8 C:/Users/DELL/STM32CubeIDE_1.11.2/STM32CubeIDE/plugins/com.st.stm32cube.ide.mcu.externaltools.gnu-tools-for-stm32.11.3.rel1.win32_1.1.1.202309131626/tools/bin/../lib/gcc/arm-none-eabi/11.3.1/thumb/v7e-m+fp/hard/crtn.o
 *(.fini)
 .fini          0x0000000008008d64        0x4 C:/Users/DELL/STM32CubeIDE_1.11.2/STM32CubeIDE/plugins/com.st.stm32cube.ide.mcu.externaltools.gnu-tools-for-stm32.11.3.rel1.win32_1.1.1.202309131626/tools/bin/../lib/gcc/arm-none-eabi/11.3.1/thumb/v7e-m+fp/hard/crti.o
                0x0000000008008d64                _fini
 .fini          0x0000000008008d68        0x8 C:/Users/DELL/STM32CubeIDE_1.11.2/STM32CubeIDE/plugins/com.st.stm32cube.ide.mcu.externaltools.gnu-tools-for-stm32.11.3.rel1.win32_1.1.1.202309131626/tools/bin/../lib/gcc/arm-none-eabi/11.3.1/thumb/v7e-m+fp/hard/crtn.o
                0x0000000008008d70                . = ALIGN (0x4)
                0x0000000008008d70                _etext = .

.vfp11_veneer   0x0000000008008d70        0x0
 .vfp11_veneer  0x0000000008008d70        0x0 linker stubs

.v4_bx          0x0000000008008d70        0x0
 .v4_bx         0x0000000008008d70        0x0 linker stubs

.iplt           0x0000000008008d70        0x0
 .iplt          0x0000000008008d70        0x0 C:/Users/DELL/STM32CubeIDE_1.11.2/STM32CubeIDE/plugins/com.st.stm32cube.ide.mcu.externaltools.gnu-tools-for-stm32.11.3.rel1.win32_1.1.1.202309131626/tools/bin/../lib/gcc/arm-none-eabi/11.3.1/thumb/v7e-m+fp/hard/crtbegin.o

.rodata         0x0000000008008d70      0x1ec
                0x0000000008008d70                . = ALIGN (0x4)
 *(.rodata)
 .rodata        0x0000000008008d70        0x5 ./Common/ThirdParty/FreeRTOS/tasks.o
 *fill*         0x0000000008008d75        0x3 
 .rodata        0x0000000008008d78        0xd ./Common/ThirdParty/FreeRTOS/timers.o
 *fill*         0x0000000008008d85        0x3 
 .rodata        0x0000000008008d88       0x49 ./Common/ThirdParty/SEGGER/Config/SEGGER_SYSVIEW_Config_FreeRTOS.o
 *fill*         0x0000000008008dd1        0x3 
 .rodata        0x0000000008008dd4       0x58 ./Common/ThirdParty/SEGGER/OS/SEGGER_SYSVIEW_FreeRTOS.o
 .rodata        0x0000000008008e2c        0x9 ./Common/ThirdParty/SEGGER/SEGGER/SEGGER_RTT.o
 *fill*         0x0000000008008e35        0x3 
 .rodata        0x0000000008008e38       0x10 ./Common/ThirdParty/SEGGER/SEGGER/SEGGER_SYSVIEW.o
 .rodata        0x0000000008008e48       0x56 ./Core/Src/main.o
 *(.rodata*)
 *fill*         0x0000000008008e9e        0x2 
 .rodata.SYSVIEW_X_OS_TraceAPI
                0x0000000008008ea0        0x8 ./Common/ThirdParty/SEGGER/OS/SEGGER_SYSVIEW_FreeRTOS.o
                0x0000000008008ea0                SYSVIEW_X_OS_TraceAPI
 .rodata._abHelloMsg
                0x0000000008008ea8        0x4 ./Common/ThirdParty/SEGGER/Rec/segger_uart.o
 .rodata._aInitStr.0
                0x0000000008008eac       0x11 ./Common/ThirdParty/SEGGER/SEGGER/SEGGER_RTT.o
 *fill*         0x0000000008008ebd        0x3 
 .rodata._abSync
                0x0000000008008ec0        0xa ./Common/ThirdParty/SEGGER/SEGGER/SEGGER_SYSVIEW.o
 *fill*         0x0000000008008eca        0x2 
 .rodata._aV2C.0
                0x0000000008008ecc       0x10 ./Common/ThirdParty/SEGGER/SEGGER/SEGGER_SYSVIEW.o
 .rodata.keypad_matrix
                0x0000000008008edc       0x10 ./Core/Src/KEYPAD_Program.o
                0x0000000008008edc                keypad_matrix
 .rodata.AHBPrescTable
                0x0000000008008eec       0x10 ./Core/Src/system_stm32f4xx.o
                0x0000000008008eec                AHBPrescTable
 .rodata.APBPrescTable
                0x0000000008008efc        0x8 ./Core/Src/system_stm32f4xx.o
                0x0000000008008efc                APBPrescTable
 .rodata.__utoa.str1.1
                0x0000000008008f04       0x25 C:/Users/DELL/STM32CubeIDE_1.11.2/STM32CubeIDE/plugins/com.st.stm32cube.ide.mcu.externaltools.gnu-tools-for-stm32.11.3.rel1.win32_1.1.1.202309131626/tools/bin/../lib/gcc/arm-none-eabi/11.3.1/../../../../arm-none-eabi/lib/thumb/v7e-m+fp/hard\libc_nano.a(libc_a-utoa.o)
 .rodata._svfprintf_r.str1.1
                0x0000000008008f29       0x11 C:/Users/DELL/STM32CubeIDE_1.11.2/STM32CubeIDE/plugins/com.st.stm32cube.ide.mcu.externaltools.gnu-tools-for-stm32.11.3.rel1.win32_1.1.1.202309131626/tools/bin/../lib/gcc/arm-none-eabi/11.3.1/../../../../arm-none-eabi/lib/thumb/v7e-m+fp/hard\libc_nano.a(libc_a-nano-svfprintf.o)
 .rodata._printf_i.str1.1
                0x0000000008008f3a       0x22 C:/Users/DELL/STM32CubeIDE_1.11.2/STM32CubeIDE/plugins/com.st.stm32cube.ide.mcu.externaltools.gnu-tools-for-stm32.11.3.rel1.win32_1.1.1.202309131626/tools/bin/../lib/gcc/arm-none-eabi/11.3.1/../../../../arm-none-eabi/lib/thumb/v7e-m+fp/hard\libc_nano.a(libc_a-nano-vfprintf_i.o)
                0x0000000008008f5c                . = ALIGN (0x4)

.ARM.extab      0x0000000008008f5c        0x0
                0x0000000008008f5c                . = ALIGN (0x4)
 *(.ARM.extab* .gnu.linkonce.armextab.*)
                0x0000000008008f5c                . = ALIGN (0x4)

.ARM            0x0000000008008f5c        0x8
                0x0000000008008f5c                . = ALIGN (0x4)
                0x0000000008008f5c                __exidx_start = .
 *(.ARM.exidx*)
 .ARM.exidx     0x0000000008008f5c        0x8 C:/Users/DELL/STM32CubeIDE_1.11.2/STM32CubeIDE/plugins/com.st.stm32cube.ide.mcu.externaltools.gnu-tools-for-stm32.11.3.rel1.win32_1.1.1.202309131626/tools/bin/../lib/gcc/arm-none-eabi/11.3.1/thumb/v7e-m+fp/hard\libgcc.a(_udivmoddi4.o)
                0x0000000008008f64                __exidx_end = .
                0x0000000008008f64                . = ALIGN (0x4)

.rel.dyn        0x0000000008008f64        0x0
 .rel.iplt      0x0000000008008f64        0x0 C:/Users/DELL/STM32CubeIDE_1.11.2/STM32CubeIDE/plugins/com.st.stm32cube.ide.mcu.externaltools.gnu-tools-for-stm32.11.3.rel1.win32_1.1.1.202309131626/tools/bin/../lib/gcc/arm-none-eabi/11.3.1/thumb/v7e-m+fp/hard/crtbegin.o

.preinit_array  0x0000000008008f64        0x0
                0x0000000008008f64                . = ALIGN (0x4)
                0x0000000008008f64                PROVIDE (__preinit_array_start = .)
 *(.preinit_array*)
                0x0000000008008f64                PROVIDE (__preinit_array_end = .)
                0x0000000008008f64                . = ALIGN (0x4)

.init_array     0x0000000008008f64        0x4
                0x0000000008008f64                . = ALIGN (0x4)
                0x0000000008008f64                PROVIDE (__init_array_start = .)
 *(SORT_BY_NAME(.init_array.*))
 *(.init_array*)
 .init_array    0x0000000008008f64        0x4 C:/Users/DELL/STM32CubeIDE_1.11.2/STM32CubeIDE/plugins/com.st.stm32cube.ide.mcu.externaltools.gnu-tools-for-stm32.11.3.rel1.win32_1.1.1.202309131626/tools/bin/../lib/gcc/arm-none-eabi/11.3.1/thumb/v7e-m+fp/hard/crtbegin.o
                0x0000000008008f68                PROVIDE (__init_array_end = .)
                0x0000000008008f68                . = ALIGN (0x4)

.fini_array     0x0000000008008f68        0x4
                0x0000000008008f68                . = ALIGN (0x4)
                [!provide]                        PROVIDE (__fini_array_start = .)
 *(SORT_BY_NAME(.fini_array.*))
 *(.fini_array*)
 .fini_array    0x0000000008008f68        0x4 C:/Users/DELL/STM32CubeIDE_1.11.2/STM32CubeIDE/plugins/com.st.stm32cube.ide.mcu.externaltools.gnu-tools-for-stm32.11.3.rel1.win32_1.1.1.202309131626/tools/bin/../lib/gcc/arm-none-eabi/11.3.1/thumb/v7e-m+fp/hard/crtbegin.o
                [!provide]                        PROVIDE (__fini_array_end = .)
                0x0000000008008f6c                . = ALIGN (0x4)
                0x0000000008008f6c                _sidata = LOADADDR (.data)

.data           0x0000000020000000       0x6c load address 0x0000000008008f6c
                0x0000000020000000                . = ALIGN (0x4)
                0x0000000020000000                _sdata = .
 *(.data)
 *(.data*)
 .data.uxTopUsedPriority
                0x0000000020000000        0x4 ./Common/ThirdParty/FreeRTOS/tasks.o
                0x0000000020000000                uxTopUsedPriority
 .data.uxCriticalNesting
                0x0000000020000004        0x4 ./Common/ThirdParty/FreeRTOS/portable/GCC/ARM_CM4F/port.o
 .data._SVInfo  0x0000000020000008        0x8 ./Common/ThirdParty/SEGGER/Rec/segger_uart.o
 .data.SystemCoreClock
                0x0000000020000010        0x4 ./Core/Src/system_stm32f4xx.o
                0x0000000020000010                SystemCoreClock
 .data.uwTickPrio
                0x0000000020000014        0x4 ./Drivers/STM32F4xx_HAL_Driver/Src/stm32f4xx_hal.o
                0x0000000020000014                uwTickPrio
 .data.uwTickFreq
                0x0000000020000018        0x1 ./Drivers/STM32F4xx_HAL_Driver/Src/stm32f4xx_hal.o
                0x0000000020000018                uwTickFreq
 *fill*         0x0000000020000019        0x3 
 .data._impure_data
                0x000000002000001c       0x4c C:/Users/DELL/STM32CubeIDE_1.11.2/STM32CubeIDE/plugins/com.st.stm32cube.ide.mcu.externaltools.gnu-tools-for-stm32.11.3.rel1.win32_1.1.1.202309131626/tools/bin/../lib/gcc/arm-none-eabi/11.3.1/../../../../arm-none-eabi/lib/thumb/v7e-m+fp/hard\libc_nano.a(libc_a-impure.o)
                0x000000002000001c                _impure_data
 .data._impure_ptr
                0x0000000020000068        0x4 C:/Users/DELL/STM32CubeIDE_1.11.2/STM32CubeIDE/plugins/com.st.stm32cube.ide.mcu.externaltools.gnu-tools-for-stm32.11.3.rel1.win32_1.1.1.202309131626/tools/bin/../lib/gcc/arm-none-eabi/11.3.1/../../../../arm-none-eabi/lib/thumb/v7e-m+fp/hard\libc_nano.a(libc_a-impure.o)
                0x0000000020000068                _impure_ptr
 *(.RamFunc)
 *(.RamFunc*)
                0x000000002000006c                . = ALIGN (0x4)
                0x000000002000006c                _edata = .

.igot.plt       0x000000002000006c        0x0 load address 0x0000000008008fd8
 .igot.plt      0x000000002000006c        0x0 C:/Users/DELL/STM32CubeIDE_1.11.2/STM32CubeIDE/plugins/com.st.stm32cube.ide.mcu.externaltools.gnu-tools-for-stm32.11.3.rel1.win32_1.1.1.202309131626/tools/bin/../lib/gcc/arm-none-eabi/11.3.1/thumb/v7e-m+fp/hard/crtbegin.o
                0x000000002000006c                . = ALIGN (0x4)

.bss            0x000000002000006c    0x145f0 load address 0x0000000008008fd8
                0x000000002000006c                _sbss = .
                0x000000002000006c                __bss_start__ = _sbss
 *(.bss)
 .bss           0x000000002000006c       0x1c C:/Users/DELL/STM32CubeIDE_1.11.2/STM32CubeIDE/plugins/com.st.stm32cube.ide.mcu.externaltools.gnu-tools-for-stm32.11.3.rel1.win32_1.1.1.202309131626/tools/bin/../lib/gcc/arm-none-eabi/11.3.1/thumb/v7e-m+fp/hard/crtbegin.o
 *(.bss*)
 .bss.xQueueRegistry
                0x0000000020000088       0x40 ./Common/ThirdParty/FreeRTOS/queue.o
                0x0000000020000088                xQueueRegistry
 .bss.pxCurrentTCB
                0x00000000200000c8        0x4 ./Common/ThirdParty/FreeRTOS/tasks.o
                0x00000000200000c8                pxCurrentTCB
 .bss.pxReadyTasksLists
                0x00000000200000cc       0x64 ./Common/ThirdParty/FreeRTOS/tasks.o
 .bss.xDelayedTaskList1
                0x0000000020000130       0x14 ./Common/ThirdParty/FreeRTOS/tasks.o
 .bss.xDelayedTaskList2
                0x0000000020000144       0x14 ./Common/ThirdParty/FreeRTOS/tasks.o
 .bss.pxDelayedTaskList
                0x0000000020000158        0x4 ./Common/ThirdParty/FreeRTOS/tasks.o
 .bss.pxOverflowDelayedTaskList
                0x000000002000015c        0x4 ./Common/ThirdParty/FreeRTOS/tasks.o
 .bss.xPendingReadyList
                0x0000000020000160       0x14 ./Common/ThirdParty/FreeRTOS/tasks.o
 .bss.xTasksWaitingTermination
                0x0000000020000174       0x14 ./Common/ThirdParty/FreeRTOS/tasks.o
 .bss.uxDeletedTasksWaitingCleanUp
                0x0000000020000188        0x4 ./Common/ThirdParty/FreeRTOS/tasks.o
 .bss.xSuspendedTaskList
                0x000000002000018c       0x14 ./Common/ThirdParty/FreeRTOS/tasks.o
 .bss.uxCurrentNumberOfTasks
                0x00000000200001a0        0x4 ./Common/ThirdParty/FreeRTOS/tasks.o
 .bss.xTickCount
                0x00000000200001a4        0x4 ./Common/ThirdParty/FreeRTOS/tasks.o
 .bss.uxTopReadyPriority
                0x00000000200001a8        0x4 ./Common/ThirdParty/FreeRTOS/tasks.o
 .bss.xSchedulerRunning
                0x00000000200001ac        0x4 ./Common/ThirdParty/FreeRTOS/tasks.o
 .bss.xPendedTicks
                0x00000000200001b0        0x4 ./Common/ThirdParty/FreeRTOS/tasks.o
 .bss.xYieldPending
                0x00000000200001b4        0x4 ./Common/ThirdParty/FreeRTOS/tasks.o
 .bss.xNumOfOverflows
                0x00000000200001b8        0x4 ./Common/ThirdParty/FreeRTOS/tasks.o
 .bss.uxTaskNumber
                0x00000000200001bc        0x4 ./Common/ThirdParty/FreeRTOS/tasks.o
 .bss.xNextTaskUnblockTime
                0x00000000200001c0        0x4 ./Common/ThirdParty/FreeRTOS/tasks.o
 .bss.xIdleTaskHandle
                0x00000000200001c4        0x4 ./Common/ThirdParty/FreeRTOS/tasks.o
 .bss.uxSchedulerSuspended
                0x00000000200001c8        0x4 ./Common/ThirdParty/FreeRTOS/tasks.o
 .bss.xActiveTimerList1
                0x00000000200001cc       0x14 ./Common/ThirdParty/FreeRTOS/timers.o
 .bss.xActiveTimerList2
                0x00000000200001e0       0x14 ./Common/ThirdParty/FreeRTOS/timers.o
 .bss.pxCurrentTimerList
                0x00000000200001f4        0x4 ./Common/ThirdParty/FreeRTOS/timers.o
 .bss.pxOverflowTimerList
                0x00000000200001f8        0x4 ./Common/ThirdParty/FreeRTOS/timers.o
 .bss.xTimerQueue
                0x00000000200001fc        0x4 ./Common/ThirdParty/FreeRTOS/timers.o
 .bss.xTimerTaskHandle
                0x0000000020000200        0x4 ./Common/ThirdParty/FreeRTOS/timers.o
 .bss.xLastTime.0
                0x0000000020000204        0x4 ./Common/ThirdParty/FreeRTOS/timers.o
 .bss.ucMaxSysCallPriority
                0x0000000020000208        0x1 ./Common/ThirdParty/FreeRTOS/portable/GCC/ARM_CM4F/port.o
 *fill*         0x0000000020000209        0x3 
 .bss.ulMaxPRIGROUPValue
                0x000000002000020c        0x4 ./Common/ThirdParty/FreeRTOS/portable/GCC/ARM_CM4F/port.o
 .bss.ucHeap    0x0000000020000210    0x12c00 ./Common/ThirdParty/FreeRTOS/portable/MemMang/heap_4.o
 .bss.xStart    0x0000000020012e10        0x8 ./Common/ThirdParty/FreeRTOS/portable/MemMang/heap_4.o
 .bss.pxEnd     0x0000000020012e18        0x4 ./Common/ThirdParty/FreeRTOS/portable/MemMang/heap_4.o
 .bss.xFreeBytesRemaining
                0x0000000020012e1c        0x4 ./Common/ThirdParty/FreeRTOS/portable/MemMang/heap_4.o
 .bss.xMinimumEverFreeBytesRemaining
                0x0000000020012e20        0x4 ./Common/ThirdParty/FreeRTOS/portable/MemMang/heap_4.o
 .bss.xNumberOfSuccessfulAllocations
                0x0000000020012e24        0x4 ./Common/ThirdParty/FreeRTOS/portable/MemMang/heap_4.o
 .bss.xNumberOfSuccessfulFrees
                0x0000000020012e28        0x4 ./Common/ThirdParty/FreeRTOS/portable/MemMang/heap_4.o
 .bss._aTasks   0x0000000020012e2c       0xa0 ./Common/ThirdParty/SEGGER/OS/SEGGER_SYSVIEW_FreeRTOS.o
 .bss._NumTasks
                0x0000000020012ecc        0x4 ./Common/ThirdParty/SEGGER/OS/SEGGER_SYSVIEW_FreeRTOS.o
 .bss._cbOnRx   0x0000000020012ed0        0x4 ./Common/ThirdParty/SEGGER/Rec/segger_uart.o
 .bss._cbOnTx   0x0000000020012ed4        0x4 ./Common/ThirdParty/SEGGER/Rec/segger_uart.o
 .bss._SEGGER_RTT
                0x0000000020012ed8       0xa8 ./Common/ThirdParty/SEGGER/SEGGER/SEGGER_RTT.o
                0x0000000020012ed8                _SEGGER_RTT
 .bss._acUpBuffer
                0x0000000020012f80      0x400 ./Common/ThirdParty/SEGGER/SEGGER/SEGGER_RTT.o
 .bss._acDownBuffer
                0x0000000020013380       0x10 ./Common/ThirdParty/SEGGER/SEGGER/SEGGER_RTT.o
 .bss._UpBuffer
                0x0000000020013390     0x1000 ./Common/ThirdParty/SEGGER/SEGGER/SEGGER_SYSVIEW.o
 .bss._DownBuffer
                0x0000000020014390        0x8 ./Common/ThirdParty/SEGGER/SEGGER/SEGGER_SYSVIEW.o
 .bss._SYSVIEW_Globals
                0x0000000020014398       0x28 ./Common/ThirdParty/SEGGER/SEGGER/SEGGER_SYSVIEW.o
 .bss._pFirstModule
                0x00000000200143c0        0x4 ./Common/ThirdParty/SEGGER/SEGGER/SEGGER_SYSVIEW.o
 .bss._NumModules
                0x00000000200143c4        0x1 ./Common/ThirdParty/SEGGER/SEGGER/SEGGER_SYSVIEW.o
 *fill*         0x00000000200143c5        0x3 
 .bss._aPacket  0x00000000200143c8       0xe3 ./Common/ThirdParty/SEGGER/SEGGER/SEGGER_SYSVIEW.o
 *fill*         0x00000000200144ab        0x1 
 .bss.KPTaskHandle
                0x00000000200144ac        0x4 ./Core/Src/main.o
                0x00000000200144ac                KPTaskHandle
 .bss.LCDTaskHandle
                0x00000000200144b0        0x4 ./Core/Src/main.o
                0x00000000200144b0                LCDTaskHandle
 .bss.CalculationTaskHandle
                0x00000000200144b4        0x4 ./Core/Src/main.o
                0x00000000200144b4                CalculationTaskHandle
 .bss.xQueueInputNumbers
                0x00000000200144b8        0x4 ./Core/Src/main.o
                0x00000000200144b8                xQueueInputNumbers
 .bss.xQueueInputOperations
                0x00000000200144bc        0x4 ./Core/Src/main.o
                0x00000000200144bc                xQueueInputOperations
 .bss.L_u8CountPress.2
                0x00000000200144c0        0x1 ./Core/Src/main.o
 .bss.L_u8Negative.1
                0x00000000200144c1        0x1 ./Core/Src/main.o
 .bss.L_u8OpFlag.0
                0x00000000200144c2        0x1 ./Core/Src/main.o
 *fill*         0x00000000200144c3        0x1 
 .bss.htim6     0x00000000200144c4       0x48 ./Core/Src/stm32f4xx_hal_timebase_tim.o
                0x00000000200144c4                htim6
 .bss.uwTick    0x000000002001450c        0x4 ./Drivers/STM32F4xx_HAL_Driver/Src/stm32f4xx_hal.o
                0x000000002001450c                uwTick
 .bss.__sf      0x0000000020014510      0x138 C:/Users/DELL/STM32CubeIDE_1.11.2/STM32CubeIDE/plugins/com.st.stm32cube.ide.mcu.externaltools.gnu-tools-for-stm32.11.3.rel1.win32_1.1.1.202309131626/tools/bin/../lib/gcc/arm-none-eabi/11.3.1/../../../../arm-none-eabi/lib/thumb/v7e-m+fp/hard\libc_nano.a(libc_a-findfp.o)
                0x0000000020014510                __sf
 .bss.errno     0x0000000020014648        0x4 C:/Users/DELL/STM32CubeIDE_1.11.2/STM32CubeIDE/plugins/com.st.stm32cube.ide.mcu.externaltools.gnu-tools-for-stm32.11.3.rel1.win32_1.1.1.202309131626/tools/bin/../lib/gcc/arm-none-eabi/11.3.1/../../../../arm-none-eabi/lib/thumb/v7e-m+fp/hard\libc_nano.a(libc_a-reent.o)
                0x0000000020014648                errno
 .bss.__lock___malloc_recursive_mutex
                0x000000002001464c        0x1 C:/Users/DELL/STM32CubeIDE_1.11.2/STM32CubeIDE/plugins/com.st.stm32cube.ide.mcu.externaltools.gnu-tools-for-stm32.11.3.rel1.win32_1.1.1.202309131626/tools/bin/../lib/gcc/arm-none-eabi/11.3.1/../../../../arm-none-eabi/lib/thumb/v7e-m+fp/hard\libc_nano.a(libc_a-lock.o)
                0x000000002001464c                __lock___malloc_recursive_mutex
 *fill*         0x000000002001464d        0x3 
 .bss.__malloc_free_list
                0x0000000020014650        0x4 C:/Users/DELL/STM32CubeIDE_1.11.2/STM32CubeIDE/plugins/com.st.stm32cube.ide.mcu.externaltools.gnu-tools-for-stm32.11.3.rel1.win32_1.1.1.202309131626/tools/bin/../lib/gcc/arm-none-eabi/11.3.1/../../../../arm-none-eabi/lib/thumb/v7e-m+fp/hard\libc_nano.a(libc_a-mallocr.o)
                0x0000000020014650                __malloc_free_list
 .bss.__malloc_sbrk_start
                0x0000000020014654        0x4 C:/Users/DELL/STM32CubeIDE_1.11.2/STM32CubeIDE/plugins/com.st.stm32cube.ide.mcu.externaltools.gnu-tools-for-stm32.11.3.rel1.win32_1.1.1.202309131626/tools/bin/../lib/gcc/arm-none-eabi/11.3.1/../../../../arm-none-eabi/lib/thumb/v7e-m+fp/hard\libc_nano.a(libc_a-mallocr.o)
                0x0000000020014654                __malloc_sbrk_start
 .bss.heap_end.0
                0x0000000020014658        0x4 C:/Users/DELL/STM32CubeIDE_1.11.2/STM32CubeIDE/plugins/com.st.stm32cube.ide.mcu.externaltools.gnu-tools-for-stm32.11.3.rel1.win32_1.1.1.202309131626/tools/bin/../lib/gcc/arm-none-eabi/11.3.1/../../../../arm-none-eabi/lib/thumb/v7e-m+fp/hard\libnosys.a(sbrk.o)
 *(COMMON)
                0x000000002001465c                . = ALIGN (0x4)
                0x000000002001465c                _ebss = .
                0x000000002001465c                __bss_end__ = _ebss

._user_heap_stack
                0x000000002001465c      0x604 load address 0x0000000008008fd8
                0x0000000020014660                . = ALIGN (0x8)
 *fill*         0x000000002001465c        0x4 
                0x0000000020014660                PROVIDE (end = .)
                [!provide]                        PROVIDE (_end = .)
                0x0000000020014860                . = (. + _Min_Heap_Size)
 *fill*         0x0000000020014660      0x200 
                0x0000000020014c60                . = (. + _Min_Stack_Size)
 *fill*         0x0000000020014860      0x400 
                0x0000000020014c60                . = ALIGN (0x8)

/DISCARD/
 libc.a(*)
 libm.a(*)
 libgcc.a(*)

.ARM.attributes
                0x0000000000000000       0x30
 *(.ARM.attributes)
 .ARM.attributes
                0x0000000000000000       0x1e C:/Users/DELL/STM32CubeIDE_1.11.2/STM32CubeIDE/plugins/com.st.stm32cube.ide.mcu.externaltools.gnu-tools-for-stm32.11.3.rel1.win32_1.1.1.202309131626/tools/bin/../lib/gcc/arm-none-eabi/11.3.1/thumb/v7e-m+fp/hard/crti.o
 .ARM.attributes
                0x000000000000001e       0x34 C:/Users/DELL/STM32CubeIDE_1.11.2/STM32CubeIDE/plugins/com.st.stm32cube.ide.mcu.externaltools.gnu-tools-for-stm32.11.3.rel1.win32_1.1.1.202309131626/tools/bin/../lib/gcc/arm-none-eabi/11.3.1/thumb/v7e-m+fp/hard/crtbegin.o
 .ARM.attributes
                0x0000000000000052       0x34 ./Common/ThirdParty/FreeRTOS/list.o
 .ARM.attributes
                0x0000000000000086       0x34 ./Common/ThirdParty/FreeRTOS/queue.o
 .ARM.attributes
                0x00000000000000ba       0x34 ./Common/ThirdParty/FreeRTOS/tasks.o
 .ARM.attributes
                0x00000000000000ee       0x34 ./Common/ThirdParty/FreeRTOS/timers.o
 .ARM.attributes
                0x0000000000000122       0x34 ./Common/ThirdParty/FreeRTOS/portable/GCC/ARM_CM4F/port.o
 .ARM.attributes
                0x0000000000000156       0x34 ./Common/ThirdParty/FreeRTOS/portable/MemMang/heap_4.o
 .ARM.attributes
                0x000000000000018a       0x34 ./Common/ThirdParty/SEGGER/Config/SEGGER_SYSVIEW_Config_FreeRTOS.o
 .ARM.attributes
                0x00000000000001be       0x34 ./Common/ThirdParty/SEGGER/OS/SEGGER_SYSVIEW_FreeRTOS.o
 .ARM.attributes
                0x00000000000001f2       0x34 ./Common/ThirdParty/SEGGER/Rec/segger_uart.o
 .ARM.attributes
                0x0000000000000226       0x34 ./Common/ThirdParty/SEGGER/SEGGER/SEGGER_RTT.o
 .ARM.attributes
                0x000000000000025a       0x20 ./Common/ThirdParty/SEGGER/SEGGER/SEGGER_RTT_ASM_ARMv7M.o
 .ARM.attributes
                0x000000000000027a       0x34 ./Common/ThirdParty/SEGGER/SEGGER/SEGGER_SYSVIEW.o
 .ARM.attributes
                0x00000000000002ae       0x34 ./Core/Src/KEYPAD_Program.o
 .ARM.attributes
                0x00000000000002e2       0x34 ./Core/Src/LCD1602.o
 .ARM.attributes
                0x0000000000000316       0x34 ./Core/Src/main.o
 .ARM.attributes
                0x000000000000034a       0x34 ./Core/Src/stm32f4xx_hal_msp.o
 .ARM.attributes
                0x000000000000037e       0x34 ./Core/Src/stm32f4xx_hal_timebase_tim.o
 .ARM.attributes
                0x00000000000003b2       0x34 ./Core/Src/stm32f4xx_it.o
 .ARM.attributes
                0x00000000000003e6       0x34 ./Core/Src/system_stm32f4xx.o
 .ARM.attributes
                0x000000000000041a       0x21 ./Core/Startup/startup_stm32f446retx.o
 .ARM.attributes
                0x000000000000043b       0x34 ./Drivers/STM32F4xx_HAL_Driver/Src/stm32f4xx_hal.o
 .ARM.attributes
                0x000000000000046f       0x34 ./Drivers/STM32F4xx_HAL_Driver/Src/stm32f4xx_hal_cortex.o
 .ARM.attributes
                0x00000000000004a3       0x34 ./Drivers/STM32F4xx_HAL_Driver/Src/stm32f4xx_hal_gpio.o
 .ARM.attributes
                0x00000000000004d7       0x34 ./Drivers/STM32F4xx_HAL_Driver/Src/stm32f4xx_hal_rcc.o
 .ARM.attributes
                0x000000000000050b       0x34 ./Drivers/STM32F4xx_HAL_Driver/Src/stm32f4xx_hal_rcc_ex.o
 .ARM.attributes
                0x000000000000053f       0x34 ./Drivers/STM32F4xx_HAL_Driver/Src/stm32f4xx_hal_tim.o
 .ARM.attributes
                0x0000000000000573       0x34 ./Drivers/STM32F4xx_HAL_Driver/Src/stm32f4xx_hal_tim_ex.o
 .ARM.attributes
                0x00000000000005a7       0x34 C:/Users/DELL/STM32CubeIDE_1.11.2/STM32CubeIDE/plugins/com.st.stm32cube.ide.mcu.externaltools.gnu-tools-for-stm32.11.3.rel1.win32_1.1.1.202309131626/tools/bin/../lib/gcc/arm-none-eabi/11.3.1/../../../../arm-none-eabi/lib/thumb/v7e-m+fp/hard\libc_nano.a(libc_a-itoa.o)
 .ARM.attributes
                0x00000000000005db       0x34 C:/Users/DELL/STM32CubeIDE_1.11.2/STM32CubeIDE/plugins/com.st.stm32cube.ide.mcu.externaltools.gnu-tools-for-stm32.11.3.rel1.win32_1.1.1.202309131626/tools/bin/../lib/gcc/arm-none-eabi/11.3.1/../../../../arm-none-eabi/lib/thumb/v7e-m+fp/hard\libc_nano.a(libc_a-utoa.o)
 .ARM.attributes
                0x000000000000060f       0x34 C:/Users/DELL/STM32CubeIDE_1.11.2/STM32CubeIDE/plugins/com.st.stm32cube.ide.mcu.externaltools.gnu-tools-for-stm32.11.3.rel1.win32_1.1.1.202309131626/tools/bin/../lib/gcc/arm-none-eabi/11.3.1/../../../../arm-none-eabi/lib/thumb/v7e-m+fp/hard\libc_nano.a(libc_a-findfp.o)
 .ARM.attributes
                0x0000000000000643       0x34 C:/Users/DELL/STM32CubeIDE_1.11.2/STM32CubeIDE/plugins/com.st.stm32cube.ide.mcu.externaltools.gnu-tools-for-stm32.11.3.rel1.win32_1.1.1.202309131626/tools/bin/../lib/gcc/arm-none-eabi/11.3.1/../../../../arm-none-eabi/lib/thumb/v7e-m+fp/hard\libc_nano.a(libc_a-snprintf.o)
 .ARM.attributes
                0x0000000000000677       0x34 C:/Users/DELL/STM32CubeIDE_1.11.2/STM32CubeIDE/plugins/com.st.stm32cube.ide.mcu.externaltools.gnu-tools-for-stm32.11.3.rel1.win32_1.1.1.202309131626/tools/bin/../lib/gcc/arm-none-eabi/11.3.1/../../../../arm-none-eabi/lib/thumb/v7e-m+fp/hard\libc_nano.a(libc_a-memcmp.o)
 .ARM.attributes
                0x00000000000006ab       0x34 C:/Users/DELL/STM32CubeIDE_1.11.2/STM32CubeIDE/plugins/com.st.stm32cube.ide.mcu.externaltools.gnu-tools-for-stm32.11.3.rel1.win32_1.1.1.202309131626/tools/bin/../lib/gcc/arm-none-eabi/11.3.1/../../../../arm-none-eabi/lib/thumb/v7e-m+fp/hard\libc_nano.a(libc_a-memset.o)
 .ARM.attributes
                0x00000000000006df       0x34 C:/Users/DELL/STM32CubeIDE_1.11.2/STM32CubeIDE/plugins/com.st.stm32cube.ide.mcu.externaltools.gnu-tools-for-stm32.11.3.rel1.win32_1.1.1.202309131626/tools/bin/../lib/gcc/arm-none-eabi/11.3.1/../../../../arm-none-eabi/lib/thumb/v7e-m+fp/hard\libc_nano.a(libc_a-reent.o)
 .ARM.attributes
                0x0000000000000713       0x34 C:/Users/DELL/STM32CubeIDE_1.11.2/STM32CubeIDE/plugins/com.st.stm32cube.ide.mcu.externaltools.gnu-tools-for-stm32.11.3.rel1.win32_1.1.1.202309131626/tools/bin/../lib/gcc/arm-none-eabi/11.3.1/../../../../arm-none-eabi/lib/thumb/v7e-m+fp/hard\libc_nano.a(libc_a-impure.o)
 .ARM.attributes
                0x0000000000000747       0x34 C:/Users/DELL/STM32CubeIDE_1.11.2/STM32CubeIDE/plugins/com.st.stm32cube.ide.mcu.externaltools.gnu-tools-for-stm32.11.3.rel1.win32_1.1.1.202309131626/tools/bin/../lib/gcc/arm-none-eabi/11.3.1/../../../../arm-none-eabi/lib/thumb/v7e-m+fp/hard\libc_nano.a(libc_a-init.o)
 .ARM.attributes
                0x000000000000077b       0x34 C:/Users/DELL/STM32CubeIDE_1.11.2/STM32CubeIDE/plugins/com.st.stm32cube.ide.mcu.externaltools.gnu-tools-for-stm32.11.3.rel1.win32_1.1.1.202309131626/tools/bin/../lib/gcc/arm-none-eabi/11.3.1/../../../../arm-none-eabi/lib/thumb/v7e-m+fp/hard\libc_nano.a(libc_a-lock.o)
 .ARM.attributes
                0x00000000000007af       0x34 C:/Users/DELL/STM32CubeIDE_1.11.2/STM32CubeIDE/plugins/com.st.stm32cube.ide.mcu.externaltools.gnu-tools-for-stm32.11.3.rel1.win32_1.1.1.202309131626/tools/bin/../lib/gcc/arm-none-eabi/11.3.1/../../../../arm-none-eabi/lib/thumb/v7e-m+fp/hard\libc_nano.a(libc_a-memcpy-stub.o)
 .ARM.attributes
                0x00000000000007e3       0x34 C:/Users/DELL/STM32CubeIDE_1.11.2/STM32CubeIDE/plugins/com.st.stm32cube.ide.mcu.externaltools.gnu-tools-for-stm32.11.3.rel1.win32_1.1.1.202309131626/tools/bin/../lib/gcc/arm-none-eabi/11.3.1/../../../../arm-none-eabi/lib/thumb/v7e-m+fp/hard\libc_nano.a(libc_a-freer.o)
 .ARM.attributes
                0x0000000000000817       0x34 C:/Users/DELL/STM32CubeIDE_1.11.2/STM32CubeIDE/plugins/com.st.stm32cube.ide.mcu.externaltools.gnu-tools-for-stm32.11.3.rel1.win32_1.1.1.202309131626/tools/bin/../lib/gcc/arm-none-eabi/11.3.1/../../../../arm-none-eabi/lib/thumb/v7e-m+fp/hard\libc_nano.a(libc_a-mallocr.o)
 .ARM.attributes
                0x000000000000084b       0x34 C:/Users/DELL/STM32CubeIDE_1.11.2/STM32CubeIDE/plugins/com.st.stm32cube.ide.mcu.externaltools.gnu-tools-for-stm32.11.3.rel1.win32_1.1.1.202309131626/tools/bin/../lib/gcc/arm-none-eabi/11.3.1/../../../../arm-none-eabi/lib/thumb/v7e-m+fp/hard\libc_nano.a(libc_a-mlock.o)
 .ARM.attributes
                0x000000000000087f       0x34 C:/Users/DELL/STM32CubeIDE_1.11.2/STM32CubeIDE/plugins/com.st.stm32cube.ide.mcu.externaltools.gnu-tools-for-stm32.11.3.rel1.win32_1.1.1.202309131626/tools/bin/../lib/gcc/arm-none-eabi/11.3.1/../../../../arm-none-eabi/lib/thumb/v7e-m+fp/hard\libc_nano.a(libc_a-nano-svfprintf.o)
 .ARM.attributes
                0x00000000000008b3       0x34 C:/Users/DELL/STM32CubeIDE_1.11.2/STM32CubeIDE/plugins/com.st.stm32cube.ide.mcu.externaltools.gnu-tools-for-stm32.11.3.rel1.win32_1.1.1.202309131626/tools/bin/../lib/gcc/arm-none-eabi/11.3.1/../../../../arm-none-eabi/lib/thumb/v7e-m+fp/hard\libc_nano.a(libc_a-nano-vfprintf_i.o)
 .ARM.attributes
                0x00000000000008e7       0x34 C:/Users/DELL/STM32CubeIDE_1.11.2/STM32CubeIDE/plugins/com.st.stm32cube.ide.mcu.externaltools.gnu-tools-for-stm32.11.3.rel1.win32_1.1.1.202309131626/tools/bin/../lib/gcc/arm-none-eabi/11.3.1/../../../../arm-none-eabi/lib/thumb/v7e-m+fp/hard\libc_nano.a(libc_a-memmove.o)
 .ARM.attributes
                0x000000000000091b       0x34 C:/Users/DELL/STM32CubeIDE_1.11.2/STM32CubeIDE/plugins/com.st.stm32cube.ide.mcu.externaltools.gnu-tools-for-stm32.11.3.rel1.win32_1.1.1.202309131626/tools/bin/../lib/gcc/arm-none-eabi/11.3.1/../../../../arm-none-eabi/lib/thumb/v7e-m+fp/hard\libc_nano.a(libc_a-sbrkr.o)
 .ARM.attributes
                0x000000000000094f       0x1c C:/Users/DELL/STM32CubeIDE_1.11.2/STM32CubeIDE/plugins/com.st.stm32cube.ide.mcu.externaltools.gnu-tools-for-stm32.11.3.rel1.win32_1.1.1.202309131626/tools/bin/../lib/gcc/arm-none-eabi/11.3.1/../../../../arm-none-eabi/lib/thumb/v7e-m+fp/hard\libc_nano.a(libc_a-memchr.o)
 .ARM.attributes
                0x000000000000096b       0x34 C:/Users/DELL/STM32CubeIDE_1.11.2/STM32CubeIDE/plugins/com.st.stm32cube.ide.mcu.externaltools.gnu-tools-for-stm32.11.3.rel1.win32_1.1.1.202309131626/tools/bin/../lib/gcc/arm-none-eabi/11.3.1/../../../../arm-none-eabi/lib/thumb/v7e-m+fp/hard\libc_nano.a(libc_a-reallocr.o)
 .ARM.attributes
                0x000000000000099f       0x34 C:/Users/DELL/STM32CubeIDE_1.11.2/STM32CubeIDE/plugins/com.st.stm32cube.ide.mcu.externaltools.gnu-tools-for-stm32.11.3.rel1.win32_1.1.1.202309131626/tools/bin/../lib/gcc/arm-none-eabi/11.3.1/../../../../arm-none-eabi/lib/thumb/v7e-m+fp/hard\libc_nano.a(libc_a-msizer.o)
 .ARM.attributes
                0x00000000000009d3       0x1e C:/Users/DELL/STM32CubeIDE_1.11.2/STM32CubeIDE/plugins/com.st.stm32cube.ide.mcu.externaltools.gnu-tools-for-stm32.11.3.rel1.win32_1.1.1.202309131626/tools/bin/../lib/gcc/arm-none-eabi/11.3.1/thumb/v7e-m+fp/hard\libgcc.a(_aeabi_uldivmod.o)
 .ARM.attributes
                0x00000000000009f1       0x34 C:/Users/DELL/STM32CubeIDE_1.11.2/STM32CubeIDE/plugins/com.st.stm32cube.ide.mcu.externaltools.gnu-tools-for-stm32.11.3.rel1.win32_1.1.1.202309131626/tools/bin/../lib/gcc/arm-none-eabi/11.3.1/thumb/v7e-m+fp/hard\libgcc.a(_udivmoddi4.o)
 .ARM.attributes
                0x0000000000000a25       0x1e C:/Users/DELL/STM32CubeIDE_1.11.2/STM32CubeIDE/plugins/com.st.stm32cube.ide.mcu.externaltools.gnu-tools-for-stm32.11.3.rel1.win32_1.1.1.202309131626/tools/bin/../lib/gcc/arm-none-eabi/11.3.1/thumb/v7e-m+fp/hard\libgcc.a(_dvmd_tls.o)
 .ARM.attributes
                0x0000000000000a43       0x34 C:/Users/DELL/STM32CubeIDE_1.11.2/STM32CubeIDE/plugins/com.st.stm32cube.ide.mcu.externaltools.gnu-tools-for-stm32.11.3.rel1.win32_1.1.1.202309131626/tools/bin/../lib/gcc/arm-none-eabi/11.3.1/../../../../arm-none-eabi/lib/thumb/v7e-m+fp/hard\libnosys.a(sbrk.o)
 .ARM.attributes
                0x0000000000000a77       0x1e C:/Users/DELL/STM32CubeIDE_1.11.2/STM32CubeIDE/plugins/com.st.stm32cube.ide.mcu.externaltools.gnu-tools-for-stm32.11.3.rel1.win32_1.1.1.202309131626/tools/bin/../lib/gcc/arm-none-eabi/11.3.1/thumb/v7e-m+fp/hard/crtn.o
OUTPUT(FreeRTOS_Calculator.elf elf32-littlearm)
LOAD linker stubs
LOAD C:/Users/DELL/STM32CubeIDE_1.11.2/STM32CubeIDE/plugins/com.st.stm32cube.ide.mcu.externaltools.gnu-tools-for-stm32.11.3.rel1.win32_1.1.1.202309131626/tools/bin/../lib/gcc/arm-none-eabi/11.3.1/../../../../arm-none-eabi/lib/thumb/v7e-m+fp/hard\libc.a
LOAD C:/Users/DELL/STM32CubeIDE_1.11.2/STM32CubeIDE/plugins/com.st.stm32cube.ide.mcu.externaltools.gnu-tools-for-stm32.11.3.rel1.win32_1.1.1.202309131626/tools/bin/../lib/gcc/arm-none-eabi/11.3.1/../../../../arm-none-eabi/lib/thumb/v7e-m+fp/hard\libm.a
LOAD C:/Users/DELL/STM32CubeIDE_1.11.2/STM32CubeIDE/plugins/com.st.stm32cube.ide.mcu.externaltools.gnu-tools-for-stm32.11.3.rel1.win32_1.1.1.202309131626/tools/bin/../lib/gcc/arm-none-eabi/11.3.1/thumb/v7e-m+fp/hard\libgcc.a

.comment        0x0000000000000000       0x43
 .comment       0x0000000000000000       0x43 C:/Users/DELL/STM32CubeIDE_1.11.2/STM32CubeIDE/plugins/com.st.stm32cube.ide.mcu.externaltools.gnu-tools-for-stm32.11.3.rel1.win32_1.1.1.202309131626/tools/bin/../lib/gcc/arm-none-eabi/11.3.1/thumb/v7e-m+fp/hard/crtbegin.o
                                         0x44 (size before relaxing)
 .comment       0x0000000000000043       0x44 ./Common/ThirdParty/FreeRTOS/list.o
 .comment       0x0000000000000043       0x44 ./Common/ThirdParty/FreeRTOS/queue.o
 .comment       0x0000000000000043       0x44 ./Common/ThirdParty/FreeRTOS/tasks.o
 .comment       0x0000000000000043       0x44 ./Common/ThirdParty/FreeRTOS/timers.o
 .comment       0x0000000000000043       0x44 ./Common/ThirdParty/FreeRTOS/portable/GCC/ARM_CM4F/port.o
 .comment       0x0000000000000043       0x44 ./Common/ThirdParty/FreeRTOS/portable/MemMang/heap_4.o
 .comment       0x0000000000000043       0x44 ./Common/ThirdParty/SEGGER/Config/SEGGER_SYSVIEW_Config_FreeRTOS.o
 .comment       0x0000000000000043       0x44 ./Common/ThirdParty/SEGGER/OS/SEGGER_SYSVIEW_FreeRTOS.o
 .comment       0x0000000000000043       0x44 ./Common/ThirdParty/SEGGER/Rec/segger_uart.o
 .comment       0x0000000000000043       0x44 ./Common/ThirdParty/SEGGER/SEGGER/SEGGER_RTT.o
 .comment       0x0000000000000043       0x44 ./Common/ThirdParty/SEGGER/SEGGER/SEGGER_SYSVIEW.o
 .comment       0x0000000000000043       0x44 ./Core/Src/KEYPAD_Program.o
 .comment       0x0000000000000043       0x44 ./Core/Src/LCD1602.o
 .comment       0x0000000000000043       0x44 ./Core/Src/main.o
 .comment       0x0000000000000043       0x44 ./Core/Src/stm32f4xx_hal_msp.o
 .comment       0x0000000000000043       0x44 ./Core/Src/stm32f4xx_hal_timebase_tim.o
 .comment       0x0000000000000043       0x44 ./Core/Src/stm32f4xx_it.o
 .comment       0x0000000000000043       0x44 ./Core/Src/system_stm32f4xx.o
 .comment       0x0000000000000043       0x44 ./Drivers/STM32F4xx_HAL_Driver/Src/stm32f4xx_hal.o
 .comment       0x0000000000000043       0x44 ./Drivers/STM32F4xx_HAL_Driver/Src/stm32f4xx_hal_cortex.o